################################################################################
#                                                                              #
#      IAR Universal Linker V5.0.2.5/W32                                       #
#                                                                              #
#           Link time     =  13/Mar/2011  21:47:43                             #
#           Target CPU    =  MSP430                                            #
#           List file     =  "C:\Program Files\Texas Instruments\eZ430-Chronos #
#                            \Software Projects\Chronos Watch\IAR\Sports Watch #
#                            \433MHz - Unrestricted IAR Workbench (Other regio #
#                            ns)\List\ez430_chronos_433MHz.map"                #
#           Output file 1 =  "C:\Program Files\Texas Instruments\eZ430-Chronos #
#                            \Software Projects\Chronos Watch\IAR\Sports Watch #
#                            \433MHz - Unrestricted IAR Workbench (Other regio #
#                            ns)\Exe\ez430_chronos_433MHz.d43"                 #
#                            Format: msp430_txt                                #
#           Command line  =  "C:\Program Files\Texas Instruments\eZ430-Chronos #
#                            \Software Projects\Chronos Watch\IAR\Sports Watch #
#                            \433MHz - Unrestricted IAR Workbench (Other regio #
#                            ns)\Obj\acceleration.r43"                         #
#                            "C:\Program Files\Texas Instruments\eZ430-Chronos #
#                            \Software Projects\Chronos Watch\IAR\Sports Watch #
#                            \433MHz - Unrestricted IAR Workbench (Other regio #
#                            ns)\Obj\adc12.r43"                                #
#                            "C:\Program Files\Texas Instruments\eZ430-Chronos #
#                            \Software Projects\Chronos Watch\IAR\Sports Watch #
#                            \433MHz - Unrestricted IAR Workbench (Other regio #
#                            ns)\Obj\alarm.r43"                                #
#                            "C:\Program Files\Texas Instruments\eZ430-Chronos #
#                            \Software Projects\Chronos Watch\IAR\Sports Watch #
#                            \433MHz - Unrestricted IAR Workbench (Other regio #
#                            ns)\Obj\altitude.r43"                             #
#                            "C:\Program Files\Texas Instruments\eZ430-Chronos #
#                            \Software Projects\Chronos Watch\IAR\Sports Watch #
#                            \433MHz - Unrestricted IAR Workbench (Other regio #
#                            ns)\Obj\battery.r43"                              #
#                            "C:\Program Files\Texas Instruments\eZ430-Chronos #
#                            \Software Projects\Chronos Watch\IAR\Sports Watch #
#                            \433MHz - Unrestricted IAR Workbench (Other regio #
#                            ns)\Obj\bluerobin.r43"                            #
#                            "C:\Program Files\Texas Instruments\eZ430-Chronos #
#                            \Software Projects\Chronos Watch\IAR\Sports Watch #
#                            \433MHz - Unrestricted IAR Workbench (Other regio #
#                            ns)\Obj\bsp.r43"                                  #
#                            "C:\Program Files\Texas Instruments\eZ430-Chronos #
#                            \Software Projects\Chronos Watch\IAR\Sports Watch #
#                            \433MHz - Unrestricted IAR Workbench (Other regio #
#                            ns)\Obj\buzzer.r43"                               #
#                            "C:\Program Files\Texas Instruments\eZ430-Chronos #
#                            \Software Projects\Chronos Watch\IAR\Sports Watch #
#                            \433MHz - Unrestricted IAR Workbench (Other regio #
#                            ns)\Obj\clock.r43"                                #
#                            "C:\Program Files\Texas Instruments\eZ430-Chronos #
#                            \Software Projects\Chronos Watch\IAR\Sports Watch #
#                            \433MHz - Unrestricted IAR Workbench (Other regio #
#                            ns)\Obj\date.r43"                                 #
#                            "C:\Program Files\Texas Instruments\eZ430-Chronos #
#                            \Software Projects\Chronos Watch\IAR\Sports Watch #
#                            \433MHz - Unrestricted IAR Workbench (Other regio #
#                            ns)\Obj\display.r43"                              #
#                            "C:\Program Files\Texas Instruments\eZ430-Chronos #
#                            \Software Projects\Chronos Watch\IAR\Sports Watch #
#                            \433MHz - Unrestricted IAR Workbench (Other regio #
#                            ns)\Obj\main.r43"                                 #
#                            "C:\Program Files\Texas Instruments\eZ430-Chronos #
#                            \Software Projects\Chronos Watch\IAR\Sports Watch #
#                            \433MHz - Unrestricted IAR Workbench (Other regio #
#                            ns)\Obj\main_ED_BM.r43"                           #
#                            "C:\Program Files\Texas Instruments\eZ430-Chronos #
#                            \Software Projects\Chronos Watch\IAR\Sports Watch #
#                            \433MHz - Unrestricted IAR Workbench (Other regio #
#                            ns)\Obj\menu.r43"                                 #
#                            "C:\Program Files\Texas Instruments\eZ430-Chronos #
#                            \Software Projects\Chronos Watch\IAR\Sports Watch #
#                            \433MHz - Unrestricted IAR Workbench (Other regio #
#                            ns)\Obj\mrfi.r43"                                 #
#                            "C:\Program Files\Texas Instruments\eZ430-Chronos #
#                            \Software Projects\Chronos Watch\IAR\Sports Watch #
#                            \433MHz - Unrestricted IAR Workbench (Other regio #
#                            ns)\Obj\nwk.r43"                                  #
#                            "C:\Program Files\Texas Instruments\eZ430-Chronos #
#                            \Software Projects\Chronos Watch\IAR\Sports Watch #
#                            \433MHz - Unrestricted IAR Workbench (Other regio #
#                            ns)\Obj\nwk_QMgmt.r43"                            #
#                            "C:\Program Files\Texas Instruments\eZ430-Chronos #
#                            \Software Projects\Chronos Watch\IAR\Sports Watch #
#                            \433MHz - Unrestricted IAR Workbench (Other regio #
#                            ns)\Obj\nwk_api.r43"                              #
#                            "C:\Program Files\Texas Instruments\eZ430-Chronos #
#                            \Software Projects\Chronos Watch\IAR\Sports Watch #
#                            \433MHz - Unrestricted IAR Workbench (Other regio #
#                            ns)\Obj\nwk_frame.r43"                            #
#                            "C:\Program Files\Texas Instruments\eZ430-Chronos #
#                            \Software Projects\Chronos Watch\IAR\Sports Watch #
#                            \433MHz - Unrestricted IAR Workbench (Other regio #
#                            ns)\Obj\nwk_freq.r43"                             #
#                            "C:\Program Files\Texas Instruments\eZ430-Chronos #
#                            \Software Projects\Chronos Watch\IAR\Sports Watch #
#                            \433MHz - Unrestricted IAR Workbench (Other regio #
#                            ns)\Obj\nwk_globals.r43"                          #
#                            "C:\Program Files\Texas Instruments\eZ430-Chronos #
#                            \Software Projects\Chronos Watch\IAR\Sports Watch #
#                            \433MHz - Unrestricted IAR Workbench (Other regio #
#                            ns)\Obj\nwk_ioctl.r43"                            #
#                            "C:\Program Files\Texas Instruments\eZ430-Chronos #
#                            \Software Projects\Chronos Watch\IAR\Sports Watch #
#                            \433MHz - Unrestricted IAR Workbench (Other regio #
#                            ns)\Obj\nwk_join.r43"                             #
#                            "C:\Program Files\Texas Instruments\eZ430-Chronos #
#                            \Software Projects\Chronos Watch\IAR\Sports Watch #
#                            \433MHz - Unrestricted IAR Workbench (Other regio #
#                            ns)\Obj\nwk_link.r43"                             #
#                            "C:\Program Files\Texas Instruments\eZ430-Chronos #
#                            \Software Projects\Chronos Watch\IAR\Sports Watch #
#                            \433MHz - Unrestricted IAR Workbench (Other regio #
#                            ns)\Obj\nwk_mgmt.r43"                             #
#                            "C:\Program Files\Texas Instruments\eZ430-Chronos #
#                            \Software Projects\Chronos Watch\IAR\Sports Watch #
#                            \433MHz - Unrestricted IAR Workbench (Other regio #
#                            ns)\Obj\nwk_ping.r43"                             #
#                            "C:\Program Files\Texas Instruments\eZ430-Chronos #
#                            \Software Projects\Chronos Watch\IAR\Sports Watch #
#                            \433MHz - Unrestricted IAR Workbench (Other regio #
#                            ns)\Obj\nwk_security.r43"                         #
#                            "C:\Program Files\Texas Instruments\eZ430-Chronos #
#                            \Software Projects\Chronos Watch\IAR\Sports Watch #
#                            \433MHz - Unrestricted IAR Workbench (Other regio #
#                            ns)\Obj\pmm.r43"                                  #
#                            "C:\Program Files\Texas Instruments\eZ430-Chronos #
#                            \Software Projects\Chronos Watch\IAR\Sports Watch #
#                            \433MHz - Unrestricted IAR Workbench (Other regio #
#                            ns)\Obj\ports.r43"                                #
#                            "C:\Program Files\Texas Instruments\eZ430-Chronos #
#                            \Software Projects\Chronos Watch\IAR\Sports Watch #
#                            \433MHz - Unrestricted IAR Workbench (Other regio #
#                            ns)\Obj\radio.r43"                                #
#                            "C:\Program Files\Texas Instruments\eZ430-Chronos #
#                            \Software Projects\Chronos Watch\IAR\Sports Watch #
#                            \433MHz - Unrestricted IAR Workbench (Other regio #
#                            ns)\Obj\rf1a.r43"                                 #
#                            "C:\Program Files\Texas Instruments\eZ430-Chronos #
#                            \Software Projects\Chronos Watch\IAR\Sports Watch #
#                            \433MHz - Unrestricted IAR Workbench (Other regio #
#                            ns)\Obj\rfbsl.r43"                                #
#                            "C:\Program Files\Texas Instruments\eZ430-Chronos #
#                            \Software Projects\Chronos Watch\IAR\Sports Watch #
#                            \433MHz - Unrestricted IAR Workbench (Other regio #
#                            ns)\Obj\rfsimpliciti.r43"                         #
#                            "C:\Program Files\Texas Instruments\eZ430-Chronos #
#                            \Software Projects\Chronos Watch\IAR\Sports Watch #
#                            \433MHz - Unrestricted IAR Workbench (Other regio #
#                            ns)\Obj\stopwatch.r43"                            #
#                            "C:\Program Files\Texas Instruments\eZ430-Chronos #
#                            \Software Projects\Chronos Watch\IAR\Sports Watch #
#                            \433MHz - Unrestricted IAR Workbench (Other regio #
#                            ns)\Obj\temperature.r43"                          #
#                            "C:\Program Files\Texas Instruments\eZ430-Chronos #
#                            \Software Projects\Chronos Watch\IAR\Sports Watch #
#                            \433MHz - Unrestricted IAR Workbench (Other regio #
#                            ns)\Obj\test.r43"                                 #
#                            "C:\Program Files\Texas Instruments\eZ430-Chronos #
#                            \Software Projects\Chronos Watch\IAR\Sports Watch #
#                            \433MHz - Unrestricted IAR Workbench (Other regio #
#                            ns)\Obj\timer.r43"                                #
#                            "C:\Program Files\Texas Instruments\eZ430-Chronos #
#                            \Software Projects\Chronos Watch\IAR\Sports Watch #
#                            \433MHz - Unrestricted IAR Workbench (Other regio #
#                            ns)\Obj\user.r43"                                 #
#                            "C:\Program Files\Texas Instruments\eZ430-Chronos #
#                            \Software Projects\Chronos Watch\IAR\Sports Watch #
#                            \433MHz - Unrestricted IAR Workbench (Other regio #
#                            ns)\Obj\vti_as.r43"                               #
#                            "C:\Program Files\Texas Instruments\eZ430-Chronos #
#                            \Software Projects\Chronos Watch\IAR\Sports Watch #
#                            \433MHz - Unrestricted IAR Workbench (Other regio #
#                            ns)\Obj\vti_ps.r43"                               #
#                            "C:\Program Files\Texas Instruments\eZ430-Chronos #
#                            \Software Projects\Chronos Watch\IAR\Sports Watch #
#                            \bluerobin\BlueRobin_RX_433MHz.r43"               #
#                            -o                                                #
#                            "C:\Program Files\Texas Instruments\eZ430-Chronos #
#                            \Software Projects\Chronos Watch\IAR\Sports Watch #
#                            \433MHz - Unrestricted IAR Workbench (Other regio #
#                            ns)\Exe\ez430_chronos_433MHz.d43"                 #
#                            -Fmsp430_txt -l                                   #
#                            "C:\Program Files\Texas Instruments\eZ430-Chronos #
#                            \Software Projects\Chronos Watch\IAR\Sports Watch #
#                            \433MHz - Unrestricted IAR Workbench (Other regio #
#                            ns)\List\ez430_chronos_433MHz.map"                #
#                            -xmsn                                             #
#                            "-IC:\Program Files\IAR Systems\Embedded Workbenc #
#                            h 6.0 Evaluation\430\LIB\"                        #
#                            -f                                                #
#                            "C:\Program Files\IAR Systems\Embedded Workbench  #
#                            6.0 Evaluation\430\CONFIG\lnkCC430F6137.xcl"      #
#                            (-cmsp430 -QCODE_I=CODE_ID                        #
#                            -Z(DATA)DATA16_I,DATA16_Z,DATA16_N,DATA16_HEAP+_D #
#                            ATA16_HEAP_SIZE=1C00-2BFD                         #
#                            -Z(DATA)CODE_I -Z(DATA)CSTACK+_STACK_SIZE#        #
#                            -Z(CONST)INFO=1800-19FF                           #
#                            -Z(CONST)INFOA=1980-19FF                          #
#                            -Z(CONST)INFOB=1900-197F                          #
#                            -Z(CONST)INFOC=1880-18FF                          #
#                            -Z(CONST)INFOD=1800-187F                          #
#                            -Z(CONST)DATA16_C,DATA16_ID,DIFUNCT,CHECKSUM=8000 #
#                            -FF7F                                             #
#                            -Z(CODE)CSTART,ISR_CODE,CODE_ID=8000-FF7F         #
#                            -P(CODE)CODE=8000-FF7F -Z(CODE)INTVEC=FF80-FFFF   #
#                            -Z(CODE)RESET=FFFE-FFFF) -f                       #
#                            "C:\Program Files\IAR Systems\Embedded Workbench  #
#                            6.0 Evaluation\430\config\multiplier32_loc2.xcl"  #
#                            (-e?Mul8HwLoc2=?Mul8 -e?Mul16HwLoc2=?Mul16        #
#                            -e?Mul16to32uHwLoc2=?Mul16to32u                   #
#                            -e?Mul16to32sHwLoc2=?Mul16to32s                   #
#                            -e?Mul32Hw32Loc2=?Mul32                           #
#                            -e?Mul64Hw32Loc2=_Mul64i                          #
#                            -e?Mul32u32uto64iHw32Loc2=_Mul32u32uto64i         #
#                            -e?Mul32fHwLoc2=_Mul32f                           #
#                            -e_Mul64fHwPtrLoc2=_Mul64fPtr) -D_STACK_SIZE=50   #
#                            "C:\Program Files\IAR Systems\Embedded Workbench  #
#                            6.0 Evaluation\430\LIB\DLIB\dl430xsfn.r43"        #
#                            -e_PrintfLarge=_Printf -e_ScanfLarge=_Scanf       #
#                            -D_DATA16_HEAP_SIZE=50 -s __program_start         #
#                            -D_DATA20_HEAP_SIZE=50                            #
#                                                                              #
#                           Copyright (C) 1987-2010 IAR Systems AB.            #
################################################################################





                ****************************************
                *                                      *
                *           CROSS REFERENCE            *
                *                                      *
                ****************************************

       Program entry at :           8678  Relocatable, from module : ?cstart




                ****************************************
                *                                      *
                *            RUNTIME MODEL             *
                *                                      *
                ****************************************

  __SystemLibrary            = DLib
  __core                     = 430X
  __data_model               = small
  __dlib_file_descriptor     = 0
  __dlib_full_locale_support = 0
  __double_size              = 32
  __pic                      = no
  __reg_r4                   = free
  __reg_r5                   = free
  __rt_version               = 3



                ****************************************
                *                                      *
                *              MODULE MAP              *
                *                                      *
                ****************************************


  DEFINED ABSOLUTE ENTRIES
    *************************************************************************

  DEFINED ABSOLUTE ENTRIES
  PROGRAM MODULE, NAME : ?ABS_ENTRY_MOD

Absolute parts
           ENTRY                   ADDRESS         REF BY
           =====                   =======         ======
           _DATA20_HEAP_SIZE       0050 
           _DATA16_HEAP_SIZE       0050 
           _STACK_SIZE             0050 
    *************************************************************************

  FILE NAME : C:\Program Files\Texas Instruments\eZ430-Chronos\Software Projects\Chronos Watch\IAR\Sports Watch\433MHz - Unrestricted IAR Workbench (Other regions)\Obj\acceleration.r43
  PROGRAM MODULE, NAME : acceleration

  SEGMENTS IN THE MODULE
  ======================
DATA16_Z
  Relative segment, address: 1C78 - 1C81 (0xa bytes), align: 1
  Segment part 3.             Intra module refs:   display_acceleration
                                                   do_acceleration_measurement
                                                   is_acceleration_measurement
                                                   reset_acceleration
                                                   sx_acceleration
           ENTRY                   ADDRESS         REF BY
           =====                   =======         ======
           sAccel                  1C78            TIMER0_A0_ISR (timer)
                                                   simpliciti_get_ed_data_callback (rfsimpliciti)
                                                   test_mode (test)
    -------------------------------------------------------------------------
DATA16_C
  Relative segment, address: 817A - 817D (0x4 bytes), align: 0
  Segment part 2.             Intra module refs:   display_acceleration
    -------------------------------------------------------------------------
DATA16_C
  Relative segment, address: 8000 - 800D (0xe bytes), align: 1
  Segment part 4.             Intra module refs:   convert_acceleration_value_to_mgrav
           ENTRY                   ADDRESS         REF BY
           =====                   =======         ======
           mgrav_per_bit           8000 
    -------------------------------------------------------------------------
<CODE> 1 (was CODE)
  Relative segment, address: F148 - F155 (0xe bytes), align: 1
  Segment part 11.
           ENTRY                   ADDRESS         REF BY
           =====                   =======         ======
           reset_acceleration      F148            init_global_variables (main)
               CSTACK = 00000000 ( 00000004 )
    -------------------------------------------------------------------------
<CODE> 1 (was CODE)
  Relative segment, address: E8DC - E8F9 (0x1e bytes), align: 1
  Segment part 10.
           ENTRY                   ADDRESS         REF BY
           =====                   =======         ======
           sx_acceleration         E8DC            menu_L1_Acceleration (menu)
               calls direct
               CSTACK = 00000000 ( 00000004 )
    -------------------------------------------------------------------------
<CODE> 1 (was CODE)
  Relative segment, address: D55C - D5A5 (0x4a bytes), align: 1
  Segment part 6.             Intra module refs:   display_acceleration
           ENTRY                   ADDRESS         REF BY
           =====                   =======         ======
           convert_acceleration_value_to_mgrav
                                   D55C 
               CSTACK = 00000000 ( 00000012 )
    -------------------------------------------------------------------------
<CODE> 1 (was CODE)
  Relative segment, address: EB9C - EBB3 (0x18 bytes), align: 1
  Segment part 7.             Intra module refs:   display_acceleration
           ENTRY                   ADDRESS         REF BY
           =====                   =======         ======
           is_acceleration_measurement
                                   EB9C            TIMER0_A0_ISR (timer)
               CSTACK = 00000000 ( 00000004 )
    -------------------------------------------------------------------------
<CODE> 1 (was CODE)
  Relative segment, address: EF10 - EF1F (0x10 bytes), align: 1
  Segment part 9.
           ENTRY                   ADDRESS         REF BY
           =====                   =======         ======
           do_acceleration_measurement
                                   EF10            process_requests (main)
               calls direct
               CSTACK = 00000000 ( 00000004 )
    -------------------------------------------------------------------------
<CODE> 1 (was CODE)
  Relative segment, address: A762 - A889 (0x128 bytes), align: 1
  Segment part 8.
           ENTRY                   ADDRESS         REF BY
           =====                   =======         ======
           display_acceleration    A762            menu_L1_Acceleration (menu)
               calls direct
               CSTACK = 00000000 ( 00000010 )

    *************************************************************************

  FILE NAME : C:\Program Files\Texas Instruments\eZ430-Chronos\Software Projects\Chronos Watch\IAR\Sports Watch\433MHz - Unrestricted IAR Workbench (Other regions)\Obj\adc12.r43
  PROGRAM MODULE, NAME : adc12

  SEGMENTS IN THE MODULE
  ======================
DATA16_AN
  Relative segment, address: 0700 - 0701 (0x2 bytes), align: 0
  Segment part 1. ROOT.       Intra module refs:   adc12_single_conversion
           ENTRY                   ADDRESS         REF BY
           =====                   =======         ======
           _A_ADC12CTL0_L          0700 
           LOCAL                   ADDRESS         
           =====                   =======         
           ADC12CTL0               0700 
           ADC12CTL0_H             0701 
           ADC12CTL0_L             0700 
    -------------------------------------------------------------------------
DATA16_AN
  Relative segment, address: 0702 - 0703 (0x2 bytes), align: 0
  Segment part 2. ROOT.       Intra module refs:   adc12_single_conversion
           ENTRY                   ADDRESS         REF BY
           =====                   =======         ======
           _A_ADC12CTL1_L          0702 
           LOCAL                   ADDRESS         
           =====                   =======         
           ADC12CTL1               0702 
           ADC12CTL1_H             0703 
           ADC12CTL1_L             0702 
    -------------------------------------------------------------------------
DATA16_AN
  Relative segment, address: 070C - 070D (0x2 bytes), align: 0
  Segment part 3. ROOT.       Intra module refs:   adc12_single_conversion
           ENTRY                   ADDRESS         REF BY
           =====                   =======         ======
           _A_ADC12IE_L            070C 
           LOCAL                   ADDRESS         
           =====                   =======         
           ADC12IE                 070C 
           ADC12IE_H               070D 
           ADC12IE_L               070C 
    -------------------------------------------------------------------------
DATA16_AN
  Relative segment, address: 070E - 070F (0x2 bytes), align: 0
  Segment part 4. ROOT.       Intra module refs:   ADC12ISR
           ENTRY                   ADDRESS         REF BY
           =====                   =======         ======
           _A_ADC12IV_L            070E 
           LOCAL                   ADDRESS         
           =====                   =======         
           ADC12IV                 070E 
           ADC12IV_H               070F 
           ADC12IV_L               070E 
    -------------------------------------------------------------------------
DATA16_AN
  Relative segment, address: 0720 - 0721 (0x2 bytes), align: 0
  Segment part 5. ROOT.       Intra module refs:   ADC12ISR
           ENTRY                   ADDRESS         REF BY
           =====                   =======         ======
           _A_ADC12MEM0_L          0720 
           LOCAL                   ADDRESS         
           =====                   =======         
           ADC12MEM0               0720 
           ADC12MEM0_H             0721 
           ADC12MEM0_L             0720 
    -------------------------------------------------------------------------
DATA16_AN
  Relative segment, address: 0710 - 0710 (0x1 bytes), align: 0
  Segment part 6. ROOT.       Intra module refs:   adc12_single_conversion
           ENTRY                   ADDRESS         REF BY
           =====                   =======         ======
           ADC12MCTL0              0710 
    -------------------------------------------------------------------------
DATA16_AN
  Relative segment, address: 01B0 - 01B1 (0x2 bytes), align: 0
  Segment part 7. ROOT.       Intra module refs:   adc12_single_conversion
           ENTRY                   ADDRESS         REF BY
           =====                   =======         ======
           _A_REFCTL0_L            01B0 
           LOCAL                   ADDRESS         
           =====                   =======         
           REFCTL0                 01B0 
           REFCTL0_H               01B1 
           REFCTL0_L               01B0 
    -------------------------------------------------------------------------
DATA16_Z
  Relative segment, address: 1C82 - 1C83 (0x2 bytes), align: 1
  Segment part 10.            Intra module refs:   ADC12ISR
                                                   adc12_single_conversion
           ENTRY                   ADDRESS         REF BY
           =====                   =======         ======
           adc12_result            1C82 
    -------------------------------------------------------------------------
DATA16_Z
  Relative segment, address: 1DA6 - 1DA6 (0x1 bytes), align: 0
  Segment part 11.            Intra module refs:   ADC12ISR
                                                   adc12_single_conversion
           ENTRY                   ADDRESS         REF BY
           =====                   =======         ======
           adc12_data_ready        1DA6 
    -------------------------------------------------------------------------
<CODE> 1 (was CODE)
  Relative segment, address: CAF0 - CB57 (0x68 bytes), align: 1
  Segment part 13.
           ENTRY                   ADDRESS         REF BY
           =====                   =======         ======
           adc12_single_conversion
                                   CAF0            battery_measurement (battery)
                                                   temperature_measurement (temperature)
               calls direct
               CSTACK = 00000000 ( 00000008 )
    -------------------------------------------------------------------------
ISR_CODE
  Relative segment, address: 86A8 - 86C7 (0x20 bytes), align: 1
  Segment part 12.            Intra module refs:   ADC12ISR::??INTVEC 112
           ENTRY                   ADDRESS         REF BY
           =====                   =======         ======
           ADC12ISR                86A8 
               interrupt function
               CSTACK = 00000000 ( 00000006 )
    -------------------------------------------------------------------------
INTVEC
  Common segment, address: FF80 - FFF1 (0x72 bytes), align: 1
  Segment part 8. ROOT.
           ENTRY                   ADDRESS         REF BY
           =====                   =======         ======
           ADC12ISR::??INTVEC 112
                                   FFF0 

    *************************************************************************

  FILE NAME : C:\Program Files\Texas Instruments\eZ430-Chronos\Software Projects\Chronos Watch\IAR\Sports Watch\433MHz - Unrestricted IAR Workbench (Other regions)\Obj\alarm.r43
  PROGRAM MODULE, NAME : alarm

  SEGMENTS IN THE MODULE
  ======================
DATA16_Z
  Relative segment, address: 1DA7 - 1DAA (0x4 bytes), align: 0
  Segment part 2.             Intra module refs:   check_alarm
                                                   display_alarm
                                                   mx_alarm
                                                   reset_alarm
                                                   stop_alarm
                                                   sx_alarm
           ENTRY                   ADDRESS         REF BY
           =====                   =======         ======
           sAlarm                  1DA7            PORT2_ISR (ports)
                                                   TIMER0_A0_ISR (timer)
                                                   simpliciti_sync_decode_ap_cmd_callback (rfsimpliciti)
                                                   simpliciti_sync_get_data_callback (rfsimpliciti)
    -------------------------------------------------------------------------
<CODE> 1 (was CODE)
  Relative segment, address: EB24 - EB3B (0x18 bytes), align: 1
  Segment part 10.
           ENTRY                   ADDRESS         REF BY
           =====                   =======         ======
           reset_alarm             EB24            init_global_variables (main)
               CSTACK = 00000000 ( 00000004 )
    -------------------------------------------------------------------------
<CODE> 1 (was CODE)
  Relative segment, address: E970 - E98B (0x1c bytes), align: 1
  Segment part 9.
           ENTRY                   ADDRESS         REF BY
           =====                   =======         ======
           check_alarm             E970            TIMER0_A0_ISR (timer)
               CSTACK = 00000000 ( 00000004 )
    -------------------------------------------------------------------------
<CODE> 1 (was CODE)
  Relative segment, address: F3DE - F3E5 (0x8 bytes), align: 1
  Segment part 8.
           ENTRY                   ADDRESS         REF BY
           =====                   =======         ======
           stop_alarm              F3DE            PORT2_ISR (ports)
                                                   TIMER0_A0_ISR (timer)
               calls direct
               CSTACK = 00000000 ( 00000004 )
    -------------------------------------------------------------------------
<CODE> 1 (was CODE)
  Relative segment, address: DF08 - DF39 (0x32 bytes), align: 1
  Segment part 7.
           ENTRY                   ADDRESS         REF BY
           =====                   =======         ======
           sx_alarm                DF08            menu_L1_Alarm (menu)
               CSTACK = 00000000 ( 00000004 )
    -------------------------------------------------------------------------
<CODE> 1 (was CODE)
  Relative segment, address: ACE0 - ADCF (0xf0 bytes), align: 1
  Segment part 6.
           ENTRY                   ADDRESS         REF BY
           =====                   =======         ======
           mx_alarm                ACE0            menu_L1_Alarm (menu)
               calls direct
               CSTACK = 00000000 ( 0000001A )
    -------------------------------------------------------------------------
<CODE> 1 (was CODE)
  Relative segment, address: C2A0 - C331 (0x92 bytes), align: 1
  Segment part 3.
           ENTRY                   ADDRESS         REF BY
           =====                   =======         ======
           display_alarm           C2A0            menu_L1_Alarm (menu)
               calls direct
               CSTACK = 00000000 ( 00000008 )
    -------------------------------------------------------------------------
<CODE> 1 (was CODE)
  Relative segment, address: E8A0 - E8AF (0x10 bytes), align: 1
  Segment part 4.             Intra module refs:   display_alarm
           LOCAL                   ADDRESS         
           =====                   =======         
           ?Subroutine0            E8A0 
    -------------------------------------------------------------------------
<CODE> 1 (was CODE)
  Relative segment, address: E8B0 - E8BD (0xe bytes), align: 1
  Segment part 5.             Intra module refs:   ?Subroutine0
                                                   display_alarm
           LOCAL                   ADDRESS         
           =====                   =======         
           ?Subroutine1            E8B0 

    *************************************************************************

  FILE NAME : C:\Program Files\Texas Instruments\eZ430-Chronos\Software Projects\Chronos Watch\IAR\Sports Watch\433MHz - Unrestricted IAR Workbench (Other regions)\Obj\altitude.r43
  PROGRAM MODULE, NAME : altitude

  SEGMENTS IN THE MODULE
  ======================
DATA16_AN
  Relative segment, address: 0200 - 0201 (0x2 bytes), align: 0
  Segment part 1. ROOT.       Intra module refs:   PORT2_ISR (ports)
                                                   TIMER0_A0_ISR (timer)
                                                   button_repeat_function (ports)
                                                   do_altitude_measurement
                                                   simpliciti_get_ed_data_callback (rfsimpliciti)
                                                   start_altitude_measurement
                                                   test_mode (test)
                                                   wakeup_event (main)
           ENTRY                   ADDRESS         REF BY
           =====                   =======         ======
           _A_PAIN_L               0200 
           LOCAL                   ADDRESS         
           =====                   =======         
           PAIN                    0200 
           PAIN_H                  0201 
           PAIN_L                  0200 
    -------------------------------------------------------------------------
DATA16_AN
  Relative segment, address: 021A - 021B (0x2 bytes), align: 0
  Segment part 2. ROOT.       Intra module refs:   PORT2_ISR (ports)
                                                   as_start (vti_as)
                                                   as_stop (vti_as)
                                                   init_buttons (ports)
                                                   start_altitude_measurement
                                                   stop_altitude_measurement
                                                   sx_ppt (rfsimpliciti)
                                                   sx_rf (rfsimpliciti)
                                                   sx_sync (rfsimpliciti)
           ENTRY                   ADDRESS         REF BY
           =====                   =======         ======
           _A_PAIE_L               021A 
           LOCAL                   ADDRESS         
           =====                   =======         
           PAIE                    021A 
           PAIE_H                  021B 
           PAIE_L                  021A 
    -------------------------------------------------------------------------
DATA16_AN
  Relative segment, address: 021C - 021D (0x2 bytes), align: 0
  Segment part 3. ROOT.       Intra module refs:   PORT2_ISR (ports)
                                                   as_start (vti_as)
                                                   init_buttons (ports)
                                                   start_altitude_measurement
                                                   start_simpliciti_sync (rfsimpliciti)
                                                   start_simpliciti_tx_only (rfsimpliciti)
                                                   stop_altitude_measurement
           ENTRY                   ADDRESS         REF BY
           =====                   =======         ======
           _A_PAIFG_L              021C 
           LOCAL                   ADDRESS         
           =====                   =======         
           PAIFG                   021C 
           PAIFG_H                 021D 
           PAIFG_L                 021C 
    -------------------------------------------------------------------------
DATA16_Z
  Relative segment, address: 1C84 - 1C91 (0xe bytes), align: 1
  Segment part 6.             Intra module refs:   ?Subroutine4
                                                   display_altitude
                                                   do_altitude_measurement
                                                   is_altitude_measurement
                                                   mx_altitude
                                                   reset_altitude_measurement
                                                   start_altitude_measurement
                                                   stop_altitude_measurement
           ENTRY                   ADDRESS         REF BY
           =====                   =======         ======
           sAlt                    1C84            TIMER0_A0_ISR (timer)
                                                   read_calibration_values (main)
                                                   simpliciti_sync_decode_ap_cmd_callback (rfsimpliciti)
                                                   simpliciti_sync_get_data_callback (rfsimpliciti)
    -------------------------------------------------------------------------
<CODE> 1 (was CODE)
  Relative segment, address: DCEC - DD23 (0x38 bytes), align: 1
  Segment part 23.
           ENTRY                   ADDRESS         REF BY
           =====                   =======         ======
           reset_altitude_measurement
                                   DCEC            init_global_variables (main)
               calls direct
               CSTACK = 00000000 ( 00000004 )
    -------------------------------------------------------------------------
<CODE> 1 (was CODE)
  Relative segment, address: F156 - F163 (0xe bytes), align: 1
  Segment part 24.            Intra module refs:   mx_altitude
                                                   reset_altitude_measurement
           LOCAL                   ADDRESS         
           =====                   =======         
           ?Subroutine4            F156 
    -------------------------------------------------------------------------
<CODE> 1 (was CODE)
  Relative segment, address: 902E - 903F (0x12 bytes), align: 1
  Segment part 8.             Intra module refs:   display_altitude
                                                   mx_altitude
           ENTRY                   ADDRESS         REF BY
           =====                   =======         ======
           convert_m_to_ft         902E 
               CSTACK = 00000000 ( 00000004 )
    -------------------------------------------------------------------------
<CODE> 1 (was CODE)
  Relative segment, address: 9040 - 9045 (0x6 bytes), align: 1
  Segment part 9.             Intra module refs:   convert_ft_to_m
                                                   convert_m_to_ft
           LOCAL                   ADDRESS         
           =====                   =======         
           ?Subroutine1            9040 
    -------------------------------------------------------------------------
<CODE> 1 (was CODE)
  Relative segment, address: 9046 - 90D9 (0x94 bytes), align: 1
  Segment part 10.            Intra module refs:   start_altitude_measurement
           ENTRY                   ADDRESS         REF BY
           =====                   =======         ======
           do_altitude_measurement
                                   9046            process_requests (main)
                                                   test_mode (test)
               calls direct
               CSTACK = 00000000 ( 00000010 )
    -------------------------------------------------------------------------
<CODE> 1 (was CODE)
  Relative segment, address: 90DA - 90DF (0x6 bytes), align: 1
  Segment part 11.            Intra module refs:   do_altitude_measurement
                                                   mx_altitude
           LOCAL                   ADDRESS         
           =====                   =======         
           ?Subroutine0            90DA 
    -------------------------------------------------------------------------
<CODE> 1 (was CODE)
  Relative segment, address: 90E0 - 911F (0x40 bytes), align: 1
  Segment part 12.            Intra module refs:   display_altitude
                                                   reset_altitude_measurement
           ENTRY                   ADDRESS         REF BY
           =====                   =======         ======
           start_altitude_measurement
                                   90E0            start_simpliciti_sync (rfsimpliciti)
               calls direct
               CSTACK = 00000000 ( 00000004 )
    -------------------------------------------------------------------------
<CODE> 1 (was CODE)
  Relative segment, address: 9120 - 91E7 (0xc8 bytes), align: 1
  Segment part 13.
           ENTRY                   ADDRESS         REF BY
           =====                   =======         ======
           display_altitude        9120            menu_L1_Altitude (menu)
                                                   test_mode (test)
               calls direct
               CSTACK = 00000000 ( 00000008 )
    -------------------------------------------------------------------------
<CODE> 1 (was CODE)
  Relative segment, address: 91E8 - 91E9 (0x2 bytes), align: 1
  Segment part 14.            Intra module refs:   display_altitude
           LOCAL                   ADDRESS         
           =====                   =======         
           ?Subroutine5            91E8 
    -------------------------------------------------------------------------
<CODE> 1 (was CODE)
  Relative segment, address: 91EA - 91EF (0x6 bytes), align: 1
  Segment part 15.            Intra module refs:   ?Subroutine5
                                                   display_altitude
    -------------------------------------------------------------------------
<CODE> 1 (was CODE)
  Relative segment, address: 91F0 - 91FB (0xc bytes), align: 1
  Segment part 16.            Intra module refs:   display_altitude
           LOCAL                   ADDRESS         
           =====                   =======         
           ?Subroutine3            91F0 
    -------------------------------------------------------------------------
<CODE> 1 (was CODE)
  Relative segment, address: 91FC - 9211 (0x16 bytes), align: 1
  Segment part 17.            Intra module refs:   mx_altitude
           ENTRY                   ADDRESS         REF BY
           =====                   =======         ======
           convert_ft_to_m         91FC 
               CSTACK = 00000000 ( 00000004 )
    -------------------------------------------------------------------------
<CODE> 1 (was CODE)
  Relative segment, address: 9212 - 921B (0xa bytes), align: 1
  Segment part 18.            Intra module refs:   ?Subroutine2
                                                   ?Subroutine3
                                                   convert_ft_to_m
                                                   convert_m_to_ft
           LOCAL                   ADDRESS         
           =====                   =======         
           ?Subroutine6            9212 
    -------------------------------------------------------------------------
<CODE> 1 (was CODE)
  Relative segment, address: 921C - 92D7 (0xbc bytes), align: 1
  Segment part 19.
           ENTRY                   ADDRESS         REF BY
           =====                   =======         ======
           mx_altitude             921C            menu_L1_Altitude (menu)
               calls direct
               CSTACK = 00000000 ( 0000001E )
    -------------------------------------------------------------------------
<CODE> 1 (was CODE)
  Relative segment, address: EB84 - EB9B (0x18 bytes), align: 1
  Segment part 22.
           ENTRY                   ADDRESS         REF BY
           =====                   =======         ======
           is_altitude_measurement
                                   EB84            TIMER0_A0_ISR (timer)
               CSTACK = 00000000 ( 00000004 )
    -------------------------------------------------------------------------
<CODE> 1 (was CODE)
  Relative segment, address: EA34 - EA4F (0x1c bytes), align: 1
  Segment part 7.             Intra module refs:   display_altitude
                                                   reset_altitude_measurement
           ENTRY                   ADDRESS         REF BY
           =====                   =======         ======
           stop_altitude_measurement
                                   EA34            TIMER0_A0_ISR (timer)
                                                   start_simpliciti_sync (rfsimpliciti)
                                                   test_mode (test)
               calls direct
               CSTACK = 00000000 ( 00000004 )
    -------------------------------------------------------------------------
<CODE> 1 (was CODE)
  Relative segment, address: F500 - F501 (0x2 bytes), align: 1
  Segment part 21.
           ENTRY                   ADDRESS         REF BY
           =====                   =======         ======
           sx_altitude             F500            menu_L1_Altitude (menu)
               CSTACK = 00000000 ( 00000004 )
    -------------------------------------------------------------------------
<CODE> 1 (was CODE)
  Relative segment, address: F11E - F12B (0xe bytes), align: 1
  Segment part 20.            Intra module refs:   mx_altitude
           LOCAL                   ADDRESS         
           =====                   =======         
           ?Subroutine2            F11E 
    -------------------------------------------------------------------------
DATA16_C
  Relative segment, address: 817E - 8181 (0x4 bytes), align: 0
  Segment part 5.             Intra module refs:   start_altitude_measurement

    *************************************************************************

  FILE NAME : C:\Program Files\Texas Instruments\eZ430-Chronos\Software Projects\Chronos Watch\IAR\Sports Watch\433MHz - Unrestricted IAR Workbench (Other regions)\Obj\battery.r43
  PROGRAM MODULE, NAME : battery

  SEGMENTS IN THE MODULE
  ======================
DATA16_Z
  Relative segment, address: 1C92 - 1C97 (0x6 bytes), align: 1
  Segment part 2.             Intra module refs:   ?Subroutine0
                                                   battery_measurement
                                                   display_battery_V
                                                   reset_batt_measurement
           ENTRY                   ADDRESS         REF BY
           =====                   =======         ======
           sBatt                   1C92            TIMER0_A0_ISR (timer)
                                                   read_calibration_values (main)
    -------------------------------------------------------------------------
<CODE> 1 (was CODE)
  Relative segment, address: EE70 - EE81 (0x12 bytes), align: 1
  Segment part 6.
           ENTRY                   ADDRESS         REF BY
           =====                   =======         ======
           reset_batt_measurement
                                   EE70            init_global_variables (main)
               CSTACK = 00000000 ( 00000004 )
    -------------------------------------------------------------------------
<CODE> 1 (was CODE)
  Relative segment, address: CB58 - CBBD (0x66 bytes), align: 1
  Segment part 5.
           ENTRY                   ADDRESS         REF BY
           =====                   =======         ======
           battery_measurement     CB58            init_global_variables (main)
                                                   process_requests (main)
               calls direct
               CSTACK = 00000000 ( 00000004 )
    -------------------------------------------------------------------------
<CODE> 1 (was CODE)
  Relative segment, address: D7CE - D80D (0x40 bytes), align: 1
  Segment part 3.
           ENTRY                   ADDRESS         REF BY
           =====                   =======         ======
           display_battery_V       D7CE            menu_L2_Battery (menu)
               calls direct
               CSTACK = 00000000 ( 00000004 )
    -------------------------------------------------------------------------
<CODE> 1 (was CODE)
  Relative segment, address: EA50 - EA6B (0x1c bytes), align: 1
  Segment part 4.             Intra module refs:   display_battery_V
           LOCAL                   ADDRESS         
           =====                   =======         
           ?Subroutine0            EA50 

    *************************************************************************

  FILE NAME : C:\Program Files\Texas Instruments\eZ430-Chronos\Software Projects\Chronos Watch\IAR\Sports Watch\433MHz - Unrestricted IAR Workbench (Other regions)\Obj\bluerobin.r43
  PROGRAM MODULE, NAME : bluerobin

  SEGMENTS IN THE MODULE
  ======================
DATA16_Z
  Relative segment, address: 1C98 - 1CAF (0x18 bytes), align: 1
  Segment part 5.             Intra module refs:   ?Subroutine0
                                                   ?Subroutine7
                                                   display_caldist
                                                   display_distance
                                                   display_heartrate
                                                   display_speed
                                                   get_bluerobin_data
                                                   is_bluerobin
                                                   is_bluerobin_searching
                                                   mx_caldist
                                                   reset_bluerobin
                                                   stop_bluerobin
                                                   sx_bluerobin
                                                   sx_caldist
           ENTRY                   ADDRESS         REF BY
           =====                   =======         ======
           sBlueRobin              1C98            radio_ISR (radio)
    -------------------------------------------------------------------------
DATA16_C
  Relative segment, address: 8182 - 8184 (0x3 bytes), align: 0
  Segment part 2.             Intra module refs:   mx_caldist
    -------------------------------------------------------------------------
DATA16_C
  Relative segment, address: 8185 - 8187 (0x3 bytes), align: 0
  Segment part 3.             Intra module refs:   mx_caldist
    -------------------------------------------------------------------------
DATA16_C
  Relative segment, address: 8188 - 818B (0x4 bytes), align: 0
  Segment part 4.             Intra module refs:   display_heartrate
    -------------------------------------------------------------------------
DATA16_C
  Relative segment, address: 818C - 8193 (0x8 bytes), align: 0
  Segment part 6.             Intra module refs:   display_selection_User_Gender
           ENTRY                   ADDRESS         REF BY
           =====                   =======         ======
           selection_User_Gender   818C 
    -------------------------------------------------------------------------
<CODE> 1 (was CODE)
  Relative segment, address: E286 - E2B1 (0x2c bytes), align: 1
  Segment part 33.
           ENTRY                   ADDRESS         REF BY
           =====                   =======         ======
           reset_bluerobin         E286            init_global_variables (main)
               CSTACK = 00000000 ( 00000004 )
    -------------------------------------------------------------------------
<CODE> 1 (was CODE)
  Relative segment, address: EEA6 - EEB7 (0x12 bytes), align: 1
  Segment part 34.            Intra module refs:   reset_bluerobin
                                                   stop_bluerobin
           LOCAL                   ADDRESS         
           =====                   =======         
           ?Subroutine0            EEA6 
    -------------------------------------------------------------------------
<CODE> 1 (was CODE)
  Relative segment, address: F49A - F49F (0x6 bytes), align: 1
  Segment part 32.
           ENTRY                   ADDRESS         REF BY
           =====                   =======         ======
           mx_bluerobin            F49A            menu_L1_Heartrate (menu)
               CSTACK = 00000000 ( 00000004 )
    -------------------------------------------------------------------------
<CODE> 1 (was CODE)
  Relative segment, address: ADD0 - AEBD (0xee bytes), align: 1
  Segment part 28.
           ENTRY                   ADDRESS         REF BY
           =====                   =======         ======
           sx_bluerobin            ADD0            menu_L1_Heartrate (menu)
                                                   test_mode (test)
               calls direct
               CSTACK = 00000000 ( 00000004 )
    -------------------------------------------------------------------------
<CODE> 1 (was CODE)
  Relative segment, address: F470 - F475 (0x6 bytes), align: 1
  Segment part 29.            Intra module refs:   get_bluerobin_data
                                                   sx_bluerobin
           LOCAL                   ADDRESS         
           =====                   =======         
           ?Subroutine4            F470 
    -------------------------------------------------------------------------
<CODE> 1 (was CODE)
  Relative segment, address: F44E - F455 (0x8 bytes), align: 1
  Segment part 30.            Intra module refs:   stop_bluerobin
                                                   sx_bluerobin
           LOCAL                   ADDRESS         
           =====                   =======         
           ?Subroutine3            F44E 
    -------------------------------------------------------------------------
<CODE> 1 (was CODE)
  Relative segment, address: F446 - F44D (0x8 bytes), align: 1
  Segment part 31.            Intra module refs:   stop_bluerobin
                                                   sx_bluerobin
           LOCAL                   ADDRESS         
           =====                   =======         
           ?Subroutine2            F446 
    -------------------------------------------------------------------------
<CODE> 1 (was CODE)
  Relative segment, address: EA6C - EA87 (0x1c bytes), align: 1
  Segment part 27.            Intra module refs:   mx_caldist
           ENTRY                   ADDRESS         REF BY
           =====                   =======         ======
           display_selection_User_Gender
                                   EA6C 
               calls direct
               CSTACK = 00000000 ( 00000008 )
    -------------------------------------------------------------------------
<CODE> 1 (was CODE)
  Relative segment, address: F43E - F445 (0x8 bytes), align: 1
  Segment part 18.            Intra module refs:   display_distance
                                                   display_speed
                                                   mx_caldist
           LOCAL                   ADDRESS         
           =====                   =======         
           ?Subroutine9            F43E 
    -------------------------------------------------------------------------
<CODE> 1 (was CODE)
  Relative segment, address: 9A64 - 9C01 (0x19e bytes), align: 1
  Segment part 23.
           ENTRY                   ADDRESS         REF BY
           =====                   =======         ======
           mx_caldist              9A64            menu_L2_CalDist (menu)
               calls direct
               CSTACK = 00000000 ( 0000001E )
    -------------------------------------------------------------------------
<CODE> 1 (was CODE)
  Relative segment, address: F3B0 - F3B9 (0xa bytes), align: 1
  Segment part 24.            Intra module refs:   mx_caldist
           LOCAL                   ADDRESS         
           =====                   =======         
           ?Subroutine8            F3B0 
    -------------------------------------------------------------------------
<CODE> 1 (was CODE)
  Relative segment, address: F084 - F091 (0xe bytes), align: 1
  Segment part 25.            Intra module refs:   display_calories
                                                   mx_caldist
           LOCAL                   ADDRESS         
           =====                   =======         
           ?Subroutine7            F084 
    -------------------------------------------------------------------------
<CODE> 1 (was CODE)
  Relative segment, address: F42E - F435 (0x8 bytes), align: 1
  Segment part 26.            Intra module refs:   display_calories
                                                   mx_caldist
           LOCAL                   ADDRESS         
           =====                   =======         
           ?Subroutine5            F42E 
    -------------------------------------------------------------------------
<CODE> 1 (was CODE)
  Relative segment, address: E3FC - E421 (0x26 bytes), align: 1
  Segment part 22.
           ENTRY                   ADDRESS         REF BY
           =====                   =======         ======
           sx_caldist              E3FC            menu_L2_CalDist (menu)
               calls direct
               CSTACK = 00000000 ( 00000006 )
    -------------------------------------------------------------------------
<CODE> 1 (was CODE)
  Relative segment, address: F1A6 - F1A7 (0x2 bytes), align: 1
  Segment part 16.            Intra module refs:   display_heartrate
                                                   display_speed
           LOCAL                   ADDRESS         
           =====                   =======         
           ?Subroutine10           F1A6 
    -------------------------------------------------------------------------
<CODE> 1 (was CODE)
  Relative segment, address: F1A8 - F1B1 (0xa bytes), align: 1
  Segment part 17.            Intra module refs:   ?Subroutine10
                                                   ?Subroutine6
    -------------------------------------------------------------------------
<CODE> 1 (was CODE)
  Relative segment, address: D2AC - D2FB (0x50 bytes), align: 1
  Segment part 21.
           ENTRY                   ADDRESS         REF BY
           =====                   =======         ======
           display_heartrate       D2AC            menu_L1_Heartrate (menu)
                                                   test_mode (test)
               calls direct
               CSTACK = 00000000 ( 00000006 )
    -------------------------------------------------------------------------
<CODE> 1 (was CODE)
  Relative segment, address: BA08 - BAB9 (0xb2 bytes), align: 1
  Segment part 15.
           ENTRY                   ADDRESS         REF BY
           =====                   =======         ======
           display_speed           BA08            menu_L1_Speed (menu)
               calls direct
               CSTACK = 00000000 ( 00000008 )
    -------------------------------------------------------------------------
<CODE> 1 (was CODE)
  Relative segment, address: F39C - F39D (0x2 bytes), align: 1
  Segment part 19.            Intra module refs:   display_speed
           LOCAL                   ADDRESS         
           =====                   =======         
           ?Subroutine1            F39C 
    -------------------------------------------------------------------------
<CODE> 1 (was CODE)
  Relative segment, address: F39E - F3A5 (0x8 bytes), align: 1
  Segment part 20.            Intra module refs:   ?Subroutine1
                                                   display_distance
                                                   display_speed
    -------------------------------------------------------------------------
<CODE> 1 (was CODE)
  Relative segment, address: B954 - BA07 (0xb4 bytes), align: 1
  Segment part 12.            Intra module refs:   display_caldist
           ENTRY                   ADDRESS         REF BY
           =====                   =======         ======
           display_distance        B954 
               calls direct
               CSTACK = 00000000 ( 0000000C )
    -------------------------------------------------------------------------
<CODE> 1 (was CODE)
  Relative segment, address: EF80 - EF8F (0x10 bytes), align: 1
  Segment part 13.            Intra module refs:   display_calories
                                                   display_distance
           LOCAL                   ADDRESS         
           =====                   =======         
           ?Subroutine6            EF80 
    -------------------------------------------------------------------------
<CODE> 1 (was CODE)
  Relative segment, address: F04C - F059 (0xe bytes), align: 1
  Segment part 14.            Intra module refs:   sx_caldist
           ENTRY                   ADDRESS         REF BY
           =====                   =======         ======
           display_caldist         F04C            menu_L2_CalDist (menu)
               calls direct
               CSTACK = 00000000 ( 00000004 )
    -------------------------------------------------------------------------
<CODE> 1 (was CODE)
  Relative segment, address: DFD0 - E001 (0x32 bytes), align: 1
  Segment part 11.            Intra module refs:   display_caldist
           ENTRY                   ADDRESS         REF BY
           =====                   =======         ======
           display_calories        DFD0 
               calls direct
               CSTACK = 00000000 ( 0000000C )
    -------------------------------------------------------------------------
<CODE> 1 (was CODE)
  Relative segment, address: F03E - F04B (0xe bytes), align: 1
  Segment part 10.            Intra module refs:   display_heartrate
           ENTRY                   ADDRESS         REF BY
           =====                   =======         ======
           is_bluerobin            F03E            TIMER0_A0_ISR (timer)
                                                   display_update (main)
                                                   sx_ppt (rfsimpliciti)
                                                   sx_rf (rfsimpliciti)
                                                   sx_rfbsl (rfbsl)
                                                   sx_sync (rfsimpliciti)
               CSTACK = 00000000 ( 00000004 )
    -------------------------------------------------------------------------
<CODE> 1 (was CODE)
  Relative segment, address: F030 - F03D (0xe bytes), align: 1
  Segment part 9.
           ENTRY                   ADDRESS         REF BY
           =====                   =======         ======
           is_bluerobin_searching
                                   F030            TIMER0_A0_ISR (timer)
               CSTACK = 00000000 ( 00000004 )
    -------------------------------------------------------------------------
<CODE> 1 (was CODE)
  Relative segment, address: C0EA - C17B (0x92 bytes), align: 1
  Segment part 8.
           ENTRY                   ADDRESS         REF BY
           =====                   =======         ======
           get_bluerobin_data      C0EA            TIMER0_A0_ISR (timer)
                                                   test_mode (test)
               calls direct
               CSTACK = 00000000 ( 00000006 )
    -------------------------------------------------------------------------
<CODE> 1 (was CODE)
  Relative segment, address: DE00 - DE35 (0x36 bytes), align: 1
  Segment part 7.             Intra module refs:   get_bluerobin_data
                                                   sx_bluerobin
           ENTRY                   ADDRESS         REF BY
           =====                   =======         ======
           stop_bluerobin          DE00            test_mode (test)
               calls direct
               CSTACK = 00000000 ( 00000004 )

    *************************************************************************

  FILE NAME : C:\Program Files\Texas Instruments\eZ430-Chronos\Software Projects\Chronos Watch\IAR\Sports Watch\433MHz - Unrestricted IAR Workbench (Other regions)\Obj\bsp.r43
  PROGRAM MODULE, NAME : bsp

  SEGMENTS IN THE MODULE
  ======================
DATA16_AN
  Relative segment, address: 0202 - 0203 (0x2 bytes), align: 0
  Segment part 1. ROOT.       Intra module refs:   PORT2_ISR (ports)
                                                   TIMER0_A0_ISR (timer)
                                                   as_init (vti_as)
                                                   as_stop (vti_as)
                                                   init_application (main)
                                                   init_buttons (ports)
                                                   stop_buzzer (buzzer)
                                                   sx_ppt (rfsimpliciti)
                                                   sx_rf (rfsimpliciti)
                                                   sx_sync (rfsimpliciti)
                                                   test_mode (test)
                                                   toggle_buzzer (buzzer)
           ENTRY                   ADDRESS         REF BY
           =====                   =======         ======
           _A_PAOUT_L              0202 
           LOCAL                   ADDRESS         
           =====                   =======         
           PAOUT                   0202 
           PAOUT_H                 0203 
           PAOUT_L                 0202 
    -------------------------------------------------------------------------
DATA16_AN
  Relative segment, address: 0204 - 0205 (0x2 bytes), align: 0
  Segment part 2. ROOT.       Intra module refs:   PORT2_ISR (ports)
                                                   TIMER0_A0_ISR (timer)
                                                   as_init (vti_as)
                                                   as_start (vti_as)
                                                   as_stop (vti_as)
                                                   init_application (main)
                                                   init_buttons (ports)
                                                   ps_init (vti_ps)
                                                   sx_ppt (rfsimpliciti)
                                                   sx_rf (rfsimpliciti)
                                                   sx_sync (rfsimpliciti)
                                                   test_mode (test)
           ENTRY                   ADDRESS         REF BY
           =====                   =======         ======
           _A_PADIR_L              0204 
           LOCAL                   ADDRESS         
           =====                   =======         
           PADIR                   0204 
           PADIR_H                 0205 
           PADIR_L                 0204 
    -------------------------------------------------------------------------
DATA16_AN
  Relative segment, address: 0206 - 0207 (0x2 bytes), align: 0
  Segment part 3. ROOT.       Intra module refs:   as_read_register (vti_as)
                                                   as_start (vti_as)
                                                   as_write_register (vti_as)
                                                   init_buttons (ports)
           ENTRY                   ADDRESS         REF BY
           =====                   =======         ======
           _A_PAREN_L              0206 
           LOCAL                   ADDRESS         
           =====                   =======         
           PAREN                   0206 
           PAREN_H                 0207 
           PAREN_L                 0206 
    -------------------------------------------------------------------------
DATA16_AN
  Relative segment, address: 0222 - 0223 (0x2 bytes), align: 0
  Segment part 4. ROOT.
           ENTRY                   ADDRESS         REF BY
           =====                   =======         ======
           _A_PBOUT_L              0222 
           LOCAL                   ADDRESS         
           =====                   =======         
           PBOUT                   0222 
           PBOUT_H                 0223 
           PBOUT_L                 0222 
    -------------------------------------------------------------------------
DATA16_AN
  Relative segment, address: 0224 - 0225 (0x2 bytes), align: 0
  Segment part 5. ROOT.
           ENTRY                   ADDRESS         REF BY
           =====                   =======         ======
           _A_PBDIR_L              0224 
           LOCAL                   ADDRESS         
           =====                   =======         
           PBDIR                   0224 
           PBDIR_H                 0225 
           PBDIR_L                 0224 
    -------------------------------------------------------------------------
DATA16_AN
  Relative segment, address: 0120 - 0121 (0x2 bytes), align: 0
  Segment part 6. ROOT.       Intra module refs:   SetVCore
                                                   SetVCore (pmm)
                                                   SetVCoreDown (pmm)
                                                   SetVCoreUp
                                                   SetVCoreUp (pmm)
                                                   init_application (main)
           ENTRY                   ADDRESS         REF BY
           =====                   =======         ======
           _A_PMMCTL0_L            0120 
           LOCAL                   ADDRESS         
           =====                   =======         
           PMMCTL0                 0120 
           PMMCTL0_H               0121 
           PMMCTL0_L               0120 
    -------------------------------------------------------------------------
DATA16_AN
  Relative segment, address: 0124 - 0125 (0x2 bytes), align: 0
  Segment part 7. ROOT.       Intra module refs:   SetVCoreUp
                                                   SetVCoreUp (pmm)
           ENTRY                   ADDRESS         REF BY
           =====                   =======         ======
           _A_SVSMHCTL_L           0124 
           LOCAL                   ADDRESS         
           =====                   =======         
           SVSMHCTL                0124 
           SVSMHCTL_H              0125 
           SVSMHCTL_L              0124 
    -------------------------------------------------------------------------
DATA16_AN
  Relative segment, address: 0126 - 0127 (0x2 bytes), align: 0
  Segment part 8. ROOT.       Intra module refs:   SetVCore
                                                   SetVCoreDown (pmm)
                                                   SetVCoreUp
                                                   SetVCoreUp (pmm)
           ENTRY                   ADDRESS         REF BY
           =====                   =======         ======
           _A_SVSMLCTL_L           0126 
           LOCAL                   ADDRESS         
           =====                   =======         
           SVSMLCTL                0126 
           SVSMLCTL_H              0127 
           SVSMLCTL_L              0126 
    -------------------------------------------------------------------------
DATA16_AN
  Relative segment, address: 012C - 012D (0x2 bytes), align: 0
  Segment part 9. ROOT.       Intra module refs:   SetVCore
                                                   SetVCoreDown (pmm)
                                                   SetVCoreUp
                                                   SetVCoreUp (pmm)
           ENTRY                   ADDRESS         REF BY
           =====                   =======         ======
           _A_PMMIFG_L             012C 
           LOCAL                   ADDRESS         
           =====                   =======         
           PMMIFG                  012C 
           PMMIFG_H                012D 
           PMMIFG_L                012C 
    -------------------------------------------------------------------------
DATA16_AN
  Relative segment, address: 0102 - 0103 (0x2 bytes), align: 0
  Segment part 10. ROOT.      Intra module refs:   Bsp_SetClocks
                                                   init_application (main)
           ENTRY                   ADDRESS         REF BY
           =====                   =======         ======
           _A_SFRIFG1_L            0102 
           LOCAL                   ADDRESS         
           =====                   =======         
           SFRIFG1                 0102 
           SFRIFG1_H               0103 
           SFRIFG1_L               0102 
    -------------------------------------------------------------------------
DATA16_AN
  Relative segment, address: 0380 - 0381 (0x2 bytes), align: 0
  Segment part 11. ROOT.      Intra module refs:   BSP_Delay
                                                   BSP_InitBoard
                                                   start_buzzer (buzzer)
                                                   stop_buzzer (buzzer)
                                                   toggle_buzzer (buzzer)
           ENTRY                   ADDRESS         REF BY
           =====                   =======         ======
           TA1CTL                  0380 
    -------------------------------------------------------------------------
DATA16_AN
  Relative segment, address: 0382 - 0383 (0x2 bytes), align: 0
  Segment part 12. ROOT.      Intra module refs:   BSP_Delay
                                                   start_buzzer (buzzer)
                                                   stop_buzzer (buzzer)
           ENTRY                   ADDRESS         REF BY
           =====                   =======         ======
           TA1CCTL0                0382 
    -------------------------------------------------------------------------
DATA16_AN
  Relative segment, address: 0390 - 0391 (0x2 bytes), align: 0
  Segment part 13. ROOT.      Intra module refs:   BSP_Delay
                                                   toggle_buzzer (buzzer)
           ENTRY                   ADDRESS         REF BY
           =====                   =======         ======
           TA1R                    0390 
    -------------------------------------------------------------------------
DATA16_AN
  Relative segment, address: 0392 - 0393 (0x2 bytes), align: 0
  Segment part 14. ROOT.      Intra module refs:   BSP_Delay
                                                   start_buzzer (buzzer)
           ENTRY                   ADDRESS         REF BY
           =====                   =======         ======
           TA1CCR0                 0392 
[...]
                                                   ?Subroutine0 (display)
                                                   display_calories (bluerobin)
                                                   display_distance (bluerobin)
                                                   mx_caldist (bluerobin)

    -------------------------------------------------------------------------
  LIBRARY MODULE, NAME : ?DivMod32s

  SEGMENTS IN THE MODULE
  ======================
<CODE> 1 (was CODE)
  Relative segment, address: D80E - D84D (0x40 bytes), align: 1
  Segment part 0.
           ENTRY                   ADDRESS         REF BY
           =====                   =======         ======
           ?DivMod32s              D80E            ?Subroutine1 (altitude)
                                                   button_repeat_on (ports)
                                                   mx_caldist (bluerobin)
                                                   set_value (user)
                                                   temperature_measurement (temperature)

    -------------------------------------------------------------------------
  LIBRARY MODULE, NAME : ?OneBitMask32

  SEGMENTS IN THE MODULE
  ======================
<CODE> 1 (was CODE)
  Relative segment, address: E5D6 - E5F7 (0x22 bytes), align: 1
  Segment part 0.
           ENTRY                   ADDRESS         REF BY
           =====                   =======         ======
           ?OneBitMask32           E5D6            convert_acceleration_value_to_mgrav (acceleration)

    -------------------------------------------------------------------------
  LIBRARY MODULE, NAME : ?ShiftRight32u

  SEGMENTS IN THE MODULE
  ======================
<CODE> 1 (was CODE)
  Relative segment, address: CD46 - CD85 (0x40 bytes), align: 1
  Segment part 0.
           ENTRY                   ADDRESS         REF BY
           =====                   =======         ======
           ?ShiftRight32u          CD46            convert_acceleration_value_to_mgrav (acceleration)
    -------------------------------------------------------------------------
<CODE> 1 (was CODE)
  Relative segment, address: CD86 - CD89 (0x4 bytes), align: 1
  Segment part 1.             Intra module refs:   ?ShiftRight32u
           ENTRY                   ADDRESS         REF BY
           =====                   =======         ======
           ?ShiftRight32u_7        CD86 
    -------------------------------------------------------------------------
<CODE> 1 (was CODE)
  Relative segment, address: CD8A - CD8D (0x4 bytes), align: 1
  Segment part 2.             Intra module refs:   ?ShiftRight32u_7
           ENTRY                   ADDRESS         REF BY
           =====                   =======         ======
           ?ShiftRight32u_6        CD8A 
    -------------------------------------------------------------------------
<CODE> 1 (was CODE)
  Relative segment, address: CD8E - CD91 (0x4 bytes), align: 1
  Segment part 3.             Intra module refs:   ?ShiftRight32u_6
           ENTRY                   ADDRESS         REF BY
           =====                   =======         ======
           ?ShiftRight32u_5        CD8E 
    -------------------------------------------------------------------------
<CODE> 1 (was CODE)
  Relative segment, address: CD92 - CD95 (0x4 bytes), align: 1
  Segment part 4.             Intra module refs:   ?ShiftRight32u_5
           ENTRY                   ADDRESS         REF BY
           =====                   =======         ======
           ?ShiftRight32u_4        CD92 
    -------------------------------------------------------------------------
<CODE> 1 (was CODE)
  Relative segment, address: CD96 - CD99 (0x4 bytes), align: 1
  Segment part 5.             Intra module refs:   ?ShiftRight32u_4
           ENTRY                   ADDRESS         REF BY
           =====                   =======         ======
           ?ShiftRight32u_3        CD96 
    -------------------------------------------------------------------------
<CODE> 1 (was CODE)
  Relative segment, address: CD9A - CDA3 (0xa bytes), align: 1
  Segment part 6.             Intra module refs:   ?ShiftRight32u_3
           ENTRY                   ADDRESS         REF BY
           =====                   =======         ======
           ?ShiftRight32u_2        CD9A 

    -------------------------------------------------------------------------
  LIBRARY MODULE, NAME : ?memcmp

  SEGMENTS IN THE MODULE
  ======================
<CODE> 1 (was CODE)
  Relative segment, address: E808 - E827 (0x20 bytes), align: 1
  Segment part 2.
           ENTRY                   ADDRESS         REF BY
           =====                   =======         ======
           memcmp                  E808            Segment part 18 (nwk)
                                                   dispatchFrame (nwk_frame)
                                                   nwk_QfindOldest (nwk_QMgmt)
                                                   nwk_processMgmt (nwk_mgmt)
               CSTACK = 00000000 ( 00000004 )

    -------------------------------------------------------------------------
  LIBRARY MODULE, NAME : ?memcpy

  SEGMENTS IN THE MODULE
  ======================
<CODE> 1 (was CODE)
  Relative segment, address: EEEE - EEFF (0x12 bytes), align: 1
  Segment part 2.
           ENTRY                   ADDRESS         REF BY
           =====                   =======         ======
           memcpy                  EEEE            ?Subroutine0 (nwk_globals)
                                                   ?Subroutine6 (nwk_link)
                                                   SMPL_Ioctl (nwk_api)
                                                   SMPL_SendOpt (nwk_api)
                                                   __data16_memcpy (?memzero)
                                                   display_update (main)
                                                   int_to_array (display)
                                                   nwk_buildFrame (nwk_frame)
                                                   nwk_deviceAddress (nwk_ioctl)
                                                   nwk_join (nwk_join)
                                                   nwk_link (nwk_link)
                                                   nwk_nwkInit (nwk)
                                                   nwk_radioControl (nwk_ioctl)
                                                   nwk_rawSend (nwk_ioctl)
                                                   nwk_retrieveFrame (nwk_frame)
                                                   nwk_sendAckReply (nwk_frame)
                                                   nwk_setAPAddress (nwk_globals)
                                                   reset_stopwatch (stopwatch)
                                                   smpl_send_ping_reply (nwk_ping)
                                                   smpl_send_unlink_reply (nwk_link)
               CSTACK = 00000000 ( 00000004 )

    -------------------------------------------------------------------------
  LIBRARY MODULE, NAME : ?memmove

  SEGMENTS IN THE MODULE
  ======================
<CODE> 1 (was CODE)
  Relative segment, address: DEA0 - DED3 (0x34 bytes), align: 1
  Segment part 2.
           ENTRY                   ADDRESS         REF BY
           =====                   =======         ======
           memmove                 DEA0            nwk_getNumObjectFromMsg (nwk)
                                                   nwk_putNumObjectIntoMsg (nwk)
               CSTACK = 00000000 ( 00000006 )

    -------------------------------------------------------------------------
  LIBRARY MODULE, NAME : ?CopyMemoryBytes

  SEGMENTS IN THE MODULE
  ======================
<CODE> 1 (was CODE)
  Relative segment, address: EF60 - EF6F (0x10 bytes), align: 1
  Segment part 0.
           ENTRY                   ADDRESS         REF BY
           =====                   =======         ======
           ?CopyMemoryBytes        EF60            MRFI_Receive (mrfi)

    -------------------------------------------------------------------------
  LIBRARY MODULE, NAME : ?memset

  SEGMENTS IN THE MODULE
  ======================
<CODE> 1 (was CODE)
  Relative segment, address: ED62 - ED73 (0x12 bytes), align: 1
  Segment part 2.
           ENTRY                   ADDRESS         REF BY
           =====                   =======         ======
           memset                  ED62            MRFI_Init (mrfi)
                                                   Segment part 64 (mrfi)
                                                   nwk_QInit (nwk_QMgmt)
                                                   nwk_allocateLocalRxPort (nwk)
                                                   nwk_globalsInit (nwk_globals)
                                                   nwk_linkInit (nwk_link)
                                                   nwk_nwkInit (nwk)
               CSTACK = 00000000 ( 00000004 )

    -------------------------------------------------------------------------
  LIBRARY MODULE, NAME : ?memzero

  SEGMENTS IN THE MODULE
  ======================
<CODE> 1 (was CODE)
  Relative segment, address: EE4C - EE5D (0x12 bytes), align: 1
  Segment part 4.
           ENTRY                   ADDRESS         REF BY
           =====                   =======         ======
           __data16_memzero        EE4C            ?cstart_init_zero (?cstart)
               CSTACK = 00000000 ( 00000004 )
    -------------------------------------------------------------------------
<CODE> 1 (was CODE)
  Relative segment, address: F4F2 - F4F5 (0x4 bytes), align: 1
  Segment part 3.
           ENTRY                   ADDRESS         REF BY
           =====                   =======         ======
           __data16_memcpy         F4F2            ?cstart_init_copy (?cstart)
               calls direct
               CSTACK = 00000000 ( 00000004 )

    -------------------------------------------------------------------------
  LIBRARY MODULE, NAME : ?IndCallR9

  SEGMENTS IN THE MODULE
  ======================
<CODE> 1 (was CODE)
  Relative segment, address: F4DE - F4E1 (0x4 bytes), align: 1
  Segment part 0.
           ENTRY                   ADDRESS         REF BY
           =====                   =======         ======
           ?IndCallR9              F4DE            set_value (user)

    -------------------------------------------------------------------------
  LIBRARY MODULE, NAME : ?IndCallR15

  SEGMENTS IN THE MODULE
  ======================
<CODE> 1 (was CODE)
  Relative segment, address: F4DA - F4DD (0x4 bytes), align: 1
  Segment part 0.
           ENTRY                   ADDRESS         REF BY
           =====                   =======         ======
           ?IndCallR15             F4DA            ?Subroutine0 (main)
                                                   dispatchFrame (nwk_frame)
                                                   wakeup_event (main)

    -------------------------------------------------------------------------
  LIBRARY MODULE, NAME : ?__exit

  SEGMENTS IN THE MODULE
  ======================
<CODE> 1 (was CODE)
  Relative segment, address: F4EA - F4ED (0x4 bytes), align: 1
  Segment part 2.
           ENTRY                   ADDRESS         REF BY
           =====                   =======         ======
           __exit                  F4EA            Segment part 5 (?_exit)
                                                   _exit (?_exit)




                ****************************************
                *                                      *
                *            MODULE SUMMARY            *
                *                                      *
                ****************************************

Module                CODE      DATA      CONST
------                ----      ----      -----
                     (Rel)  (Rel)  (Abs)  (Rel)
?Cast32f32i            146
?CopyMemoryBytes        16
?DivMod32s              64
?DivMod32u              56
?DivMod816s             52
?DivMod816u             28
?FLT_Extract            76
?FLT_LT                 82
?IndCallR15              4
?IndCallR9               4
?Mul32Hw32Loc2          34
?Mul32fHwLoc2          306
?OneBitMask32           34
?ShiftRight32u          94
?__exit                  4
?_exit                   4
?cstart                 48
?exit                    4
?memcmp                 32
?memcpy                 18
?memmove                52
?memset                 18
?memzero                22
?reset_vector            2
BRRX_API               516      4
BRRX_Packet             38      4
BRRX_Radio             488      4            39
BRRX_Resource                  24             2
BRRX_Scheduler       1 494     10
BRRX_Timer             150      7      4
BR_common              122     10           256
_Add32f                354
_Cast32fto32u           12
_CmpLt32f               10
_Div32f                304
acceleration           454     10            18
adc12                  136      3     13
  + common             114
alarm                  526      4
altitude               820     14             4
  + shared                             6
battery                212      6
bluerobin            1 616     24            18
bsp                    304             4
  + shared                            38
buzzer                 194      8
  + shared                             2
clock                  998     14             8
date                   816      6
display                960     94     10    720
  + shared                             4
main                 1 264     15     10     31
main_ED_BM             398      1
menu                    82      4           270
mrfi                 1 880     59      4     80
  + shared                            20
nwk                    944     29            29
nwk_QMgmt              406    140
nwk_api                620      1
nwk_frame              710      9            24
nwk_freq                 6
nwk_globals            112      9             9
nwk_ioctl              360
nwk_join               340      9
nwk_link               916      8
nwk_mgmt                68      1
nwk_ping               122      1
nwk_security             6
pmm                    144
ports                  670     10             1
  + shared              98             2
  + common
radio                  154             2
  + common             108
rf1a                   428
rfbsl                  128      1            18
rfsimpliciti         1 152     69            28
stopwatch              748     14      2      9
  + shared                             4
temperature            662      6
test                   606             2     11
timer                  912      7     16     12
  + common             112
user                   500
vti_as                 444      1      8
  + shared                             4
vti_ps               1 794     69      2     68
N/A (command line)             80
N/A (alignment)
----------          ------    ---    ---  -----
Total:              28 300    789    157  1 655
  + common             114


                ****************************************
                *                                      *
                *      SEGMENTS IN ADDRESS ORDER       *
                *                                      *
                ****************************************


SEGMENT              SPACE    START ADDRESS   END ADDRESS     SIZE  TYPE  ALIGN
=======              =====    =============   ===========     ====  ====  =====
DATA16_AN                              0102 - 0103               2   rel    0
                                       0120 - 0121               2 
                                       0124 - 0127               4 
                                       012C - 012D               2 
                                       015C - 015D               2 
                                       0160 - 0169               A 
                                       016C - 016F               4 
                                       01B0 - 01B1               2 
                                       01C0 - 01C3               4 
                                       01C8 - 01C9               2 
                                       01D0 - 01D1               2 
                                       0200 - 0207               8 
                                       020A - 020B               2 
                                       0218 - 021D               6 
                                       0222 - 0225               4 
                                       0244 - 0245               2 
                                       024A - 024B               2 
                                       0320 - 0325               6 
                                       0340 - 034B               C 
                                       0350 - 035B               C 
                                       036E - 036F               2 
                                       0380 - 0383               4 
                                       0390 - 0393               4 
                                       05C0 - 05C1               2 
                                       05C6 - 05C7               2 
                                       05CC - 05CC               1 
                                       05CE - 05CE               1 
                                       05DC - 05DD               2 
                                       0700 - 0703               4 
                                       070C - 0710               5 
                                       0720 - 0721               2 
                                       0A00 - 0A01               2 
                                       0A04 - 0A0D               A 
                                       0F02 - 0F03               2 
                                       0F06 - 0F07               2 
                                       0F0C - 0F13               8 
                                       0F20 - 0F23               4 
                                       0F30 - 0F39               A 
DATA16_I                               1C00 - 1C76              77   rel    1
DATA16_Z                               1C78 - 1EC5             24E   rel    1
CSTACK                                 2BAE - 2BFD              50   rel    1
DATA16_C                               8000 - 85FF             600   rel    1
DATA16_ID                              8600 - 8676              77   rel    1
CSTART                                 8678 - 86A7              30   rel    1
ISR_CODE                               86A8 - 8BD5             52E   rel    1
<CODE> 1                               8BD6 - F501            692C   rel    1
INTVEC                                 FF80 - FFF1              72   com    1
RESET                                  FFFE - FFFF               2   rel    1

                ****************************************
                *                                      *
                *        END OF CROSS REFERENCE        *
                *                                      *
                ****************************************

 28 414 bytes of CODE  memory
    789 bytes of DATA  memory (+ 157 absolute )
  1 655 bytes of CONST memory

Errors: none
Warnings: none

