################################################################################
#                                                                              #
#      IAR Universal Linker V5.0.2.5/W32                                       #
#                                                                              #
#           Link time     =  23/Mar/2011  10:31:17                             #
#           Target CPU    =  MSP430                                            #
#           List file     =  "D:\Projects\cronosTI\v2\Sports Watch\433MHz - Un #
#                            restricted IAR Workbench (Other regions)\List\ez4 #
#                            30_chronos.map"                                   #
#           Output file 1 =  "D:\Projects\cronosTI\v2\Sports Watch\433MHz - Un #
#                            restricted IAR Workbench (Other regions)\Exe\ez43 #
#                            0_chronos.txt"                                    #
#                            Format: msp430_txt                                #
#           Command line  =  "D:\Projects\cronosTI\v2\Sports Watch\433MHz - Un #
#                            restricted IAR Workbench (Other regions)\Obj\acce #
#                            leration.r43"                                     #
#                            "D:\Projects\cronosTI\v2\Sports Watch\433MHz - Un #
#                            restricted IAR Workbench (Other regions)\Obj\adc1 #
#                            2.r43"                                            #
#                            "D:\Projects\cronosTI\v2\Sports Watch\433MHz - Un #
#                            restricted IAR Workbench (Other regions)\Obj\alar #
#                            m.r43"                                            #
#                            "D:\Projects\cronosTI\v2\Sports Watch\433MHz - Un #
#                            restricted IAR Workbench (Other regions)\Obj\alti #
#                            tude.r43"                                         #
#                            "D:\Projects\cronosTI\v2\Sports Watch\433MHz - Un #
#                            restricted IAR Workbench (Other regions)\Obj\batt #
#                            ery.r43"                                          #
#                            "D:\Projects\cronosTI\v2\Sports Watch\433MHz - Un #
#                            restricted IAR Workbench (Other regions)\Obj\blue #
#                            robin.r43"                                        #
#                            "D:\Projects\cronosTI\v2\Sports Watch\433MHz - Un #
#                            restricted IAR Workbench (Other regions)\Obj\bsp. #
#                            r43"                                              #
#                            "D:\Projects\cronosTI\v2\Sports Watch\433MHz - Un #
#                            restricted IAR Workbench (Other regions)\Obj\buzz #
#                            er.r43"                                           #
#                            "D:\Projects\cronosTI\v2\Sports Watch\433MHz - Un #
#                            restricted IAR Workbench (Other regions)\Obj\cloc #
#                            k.r43"                                            #
#                            "D:\Projects\cronosTI\v2\Sports Watch\433MHz - Un #
#                            restricted IAR Workbench (Other regions)\Obj\date #
#                            .r43"                                             #
#                            "D:\Projects\cronosTI\v2\Sports Watch\433MHz - Un #
#                            restricted IAR Workbench (Other regions)\Obj\disp #
#                            lay.r43"                                          #
#                            "D:\Projects\cronosTI\v2\Sports Watch\433MHz - Un #
#                            restricted IAR Workbench (Other regions)\Obj\main #
#                            .r43"                                             #
#                            "D:\Projects\cronosTI\v2\Sports Watch\433MHz - Un #
#                            restricted IAR Workbench (Other regions)\Obj\main #
#                            _ED_BM.r43"                                       #
#                            "D:\Projects\cronosTI\v2\Sports Watch\433MHz - Un #
#                            restricted IAR Workbench (Other regions)\Obj\menu #
#                            .r43"                                             #
#                            "D:\Projects\cronosTI\v2\Sports Watch\433MHz - Un #
#                            restricted IAR Workbench (Other regions)\Obj\mrfi #
#                            .r43"                                             #
#                            "D:\Projects\cronosTI\v2\Sports Watch\433MHz - Un #
#                            restricted IAR Workbench (Other regions)\Obj\nwk. #
#                            r43"                                              #
#                            "D:\Projects\cronosTI\v2\Sports Watch\433MHz - Un #
#                            restricted IAR Workbench (Other regions)\Obj\nwk_ #
#                            QMgmt.r43"                                        #
#                            "D:\Projects\cronosTI\v2\Sports Watch\433MHz - Un #
#                            restricted IAR Workbench (Other regions)\Obj\nwk_ #
#                            api.r43"                                          #
#                            "D:\Projects\cronosTI\v2\Sports Watch\433MHz - Un #
#                            restricted IAR Workbench (Other regions)\Obj\nwk_ #
#                            frame.r43"                                        #
#                            "D:\Projects\cronosTI\v2\Sports Watch\433MHz - Un #
#                            restricted IAR Workbench (Other regions)\Obj\nwk_ #
#                            freq.r43"                                         #
#                            "D:\Projects\cronosTI\v2\Sports Watch\433MHz - Un #
#                            restricted IAR Workbench (Other regions)\Obj\nwk_ #
#                            globals.r43"                                      #
#                            "D:\Projects\cronosTI\v2\Sports Watch\433MHz - Un #
#                            restricted IAR Workbench (Other regions)\Obj\nwk_ #
#                            ioctl.r43"                                        #
#                            "D:\Projects\cronosTI\v2\Sports Watch\433MHz - Un #
#                            restricted IAR Workbench (Other regions)\Obj\nwk_ #
#                            join.r43"                                         #
#                            "D:\Projects\cronosTI\v2\Sports Watch\433MHz - Un #
#                            restricted IAR Workbench (Other regions)\Obj\nwk_ #
#                            link.r43"                                         #
#                            "D:\Projects\cronosTI\v2\Sports Watch\433MHz - Un #
#                            restricted IAR Workbench (Other regions)\Obj\nwk_ #
#                            mgmt.r43"                                         #
#                            "D:\Projects\cronosTI\v2\Sports Watch\433MHz - Un #
#                            restricted IAR Workbench (Other regions)\Obj\nwk_ #
#                            ping.r43"                                         #
#                            "D:\Projects\cronosTI\v2\Sports Watch\433MHz - Un #
#                            restricted IAR Workbench (Other regions)\Obj\nwk_ #
#                            security.r43"                                     #
#                            "D:\Projects\cronosTI\v2\Sports Watch\433MHz - Un #
#                            restricted IAR Workbench (Other regions)\Obj\pmm. #
#                            r43"                                              #
#                            "D:\Projects\cronosTI\v2\Sports Watch\433MHz - Un #
#                            restricted IAR Workbench (Other regions)\Obj\port #
#                            s.r43"                                            #
#                            "D:\Projects\cronosTI\v2\Sports Watch\433MHz - Un #
#                            restricted IAR Workbench (Other regions)\Obj\radi #
#                            o.r43"                                            #
#                            "D:\Projects\cronosTI\v2\Sports Watch\433MHz - Un #
#                            restricted IAR Workbench (Other regions)\Obj\rf1a #
#                            .r43"                                             #
#                            "D:\Projects\cronosTI\v2\Sports Watch\433MHz - Un #
#                            restricted IAR Workbench (Other regions)\Obj\rfbs #
#                            l.r43"                                            #
#                            "D:\Projects\cronosTI\v2\Sports Watch\433MHz - Un #
#                            restricted IAR Workbench (Other regions)\Obj\rfsi #
#                            mpliciti.r43"                                     #
#                            "D:\Projects\cronosTI\v2\Sports Watch\433MHz - Un #
#                            restricted IAR Workbench (Other regions)\Obj\stop #
#                            watch.r43"                                        #
#                            "D:\Projects\cronosTI\v2\Sports Watch\433MHz - Un #
#                            restricted IAR Workbench (Other regions)\Obj\temp #
#                            erature.r43"                                      #
#                            "D:\Projects\cronosTI\v2\Sports Watch\433MHz - Un #
#                            restricted IAR Workbench (Other regions)\Obj\test #
#                            .r43"                                             #
#                            "D:\Projects\cronosTI\v2\Sports Watch\433MHz - Un #
#                            restricted IAR Workbench (Other regions)\Obj\time #
#                            r.r43"                                            #
#                            "D:\Projects\cronosTI\v2\Sports Watch\433MHz - Un #
#                            restricted IAR Workbench (Other regions)\Obj\user #
#                            .r43"                                             #
#                            "D:\Projects\cronosTI\v2\Sports Watch\433MHz - Un #
#                            restricted IAR Workbench (Other regions)\Obj\vti_ #
#                            as.r43"                                           #
#                            "D:\Projects\cronosTI\v2\Sports Watch\433MHz - Un #
#                            restricted IAR Workbench (Other regions)\Obj\vti_ #
#                            ps.r43"                                           #
#                            "D:\Projects\cronosTI\v2\Sports Watch\bluerobin\B #
#                            lueRobin_RX_433MHz.r43"                           #
#                            -o                                                #
#                            "D:\Projects\cronosTI\v2\Sports Watch\433MHz - Un #
#                            restricted IAR Workbench (Other regions)\Exe\ez43 #
#                            0_chronos.txt"                                    #
#                            -Fmsp430_txt -l                                   #
#                            "D:\Projects\cronosTI\v2\Sports Watch\433MHz - Un #
#                            restricted IAR Workbench (Other regions)\List\ez4 #
#                            30_chronos.map"                                   #
#                            -xmsn                                             #
#                            "-IC:\Program Files\IAR Systems\Embedded Workbenc #
#                            h 6.0 Evaluation\430\LIB\"                        #
#                            -f                                                #
#                            "C:\Program Files\IAR Systems\Embedded Workbench  #
#                            6.0 Evaluation\430\CONFIG\lnkCC430F6137.xcl"      #
#                            (-cmsp430 -QCODE_I=CODE_ID                        #
#                            -Z(DATA)DATA16_I,DATA16_Z,DATA16_N,DATA16_HEAP+_D #
#                            ATA16_HEAP_SIZE=1C00-2BFD                         #
#                            -Z(DATA)CODE_I -Z(DATA)CSTACK+_STACK_SIZE#        #
#                            -Z(CONST)INFO=1800-19FF                           #
#                            -Z(CONST)INFOA=1980-19FF                          #
#                            -Z(CONST)INFOB=1900-197F                          #
#                            -Z(CONST)INFOC=1880-18FF                          #
#                            -Z(CONST)INFOD=1800-187F                          #
#                            -Z(CONST)DATA16_C,DATA16_ID,DIFUNCT,CHECKSUM=8000 #
#                            -FF7F                                             #
#                            -Z(CODE)CSTART,ISR_CODE,CODE_ID=8000-FF7F         #
#                            -P(CODE)CODE=8000-FF7F -Z(CODE)INTVEC=FF80-FFFF   #
#                            -Z(CODE)RESET=FFFE-FFFF) -f                       #
#                            "C:\Program Files\IAR Systems\Embedded Workbench  #
#                            6.0 Evaluation\430\config\multiplier32_loc2.xcl"  #
#                            (-e?Mul8HwLoc2=?Mul8 -e?Mul16HwLoc2=?Mul16        #
#                            -e?Mul16to32uHwLoc2=?Mul16to32u                   #
#                            -e?Mul16to32sHwLoc2=?Mul16to32s                   #
#                            -e?Mul32Hw32Loc2=?Mul32                           #
#                            -e?Mul64Hw32Loc2=_Mul64i                          #
#                            -e?Mul32u32uto64iHw32Loc2=_Mul32u32uto64i         #
#                            -e?Mul32fHwLoc2=_Mul32f                           #
#                            -e_Mul64fHwPtrLoc2=_Mul64fPtr) -D_STACK_SIZE=50   #
#                            "C:\Program Files\IAR Systems\Embedded Workbench  #
#                            6.0 Evaluation\430\LIB\DLIB\dl430xsfn.r43"        #
#                            -e_PrintfLarge=_Printf -e_ScanfLarge=_Scanf       #
#                            -D_DATA16_HEAP_SIZE=50 -s __program_start         #
#                            -D_DATA20_HEAP_SIZE=50                            #
#                                                                              #
#                           Copyright (C) 1987-2010 IAR Systems AB.            #
################################################################################





                ****************************************
                *                                      *
                *           CROSS REFERENCE            *
                *                                      *
                ****************************************

       Program entry at :           8670  Relocatable, from module : ?cstart




                ****************************************
                *                                      *
                *            RUNTIME MODEL             *
                *                                      *
                ****************************************

  __SystemLibrary            = DLib
  __core                     = 430X
  __data_model               = small
  __dlib_file_descriptor     = 0
  __dlib_full_locale_support = 0
  __double_size              = 32
  __pic                      = no
  __reg_r4                   = free
  __reg_r5                   = free
  __rt_version               = 3



                ****************************************
                *                                      *
                *              MODULE MAP              *
                *                                      *
                ****************************************


  DEFINED ABSOLUTE ENTRIES
    *************************************************************************

  DEFINED ABSOLUTE ENTRIES
  PROGRAM MODULE, NAME : ?ABS_ENTRY_MOD

Absolute parts
           ENTRY                   ADDRESS         REF BY
           =====                   =======         ======
           _DATA20_HEAP_SIZE       0050 
           _DATA16_HEAP_SIZE       0050 
           _STACK_SIZE             0050 
    *************************************************************************

  FILE NAME : D:\Projects\cronosTI\v2\Sports Watch\433MHz - Unrestricted IAR Workbench (Other regions)\Obj\acceleration.r43
  PROGRAM MODULE, NAME : acceleration

  SEGMENTS IN THE MODULE
  ======================
DATA16_Z
  Relative segment, address: 1C78 - 1C81 (0xa bytes), align: 1
  Segment part 3.             Intra module refs:   display_acceleration
                                                   do_acceleration_measurement
                                                   is_acceleration_measurement
                                                   reset_acceleration
                                                   sx_acceleration
           ENTRY                   ADDRESS         REF BY
           =====                   =======         ======
           sAccel                  1C78            TIMER0_A0_ISR (timer)
                                                   simpliciti_get_ed_data_callback (rfsimpliciti)
                                                   test_mode (test)
    -------------------------------------------------------------------------
DATA16_C
  Relative segment, address: 8144 - 8147 (0x4 bytes), align: 0
  Segment part 2.             Intra module refs:   display_acceleration
    -------------------------------------------------------------------------
DATA16_C
  Relative segment, address: 8000 - 800D (0xe bytes), align: 1
  Segment part 4.             Intra module refs:   convert_acceleration_value_to_mgrav
           ENTRY                   ADDRESS         REF BY
           =====                   =======         ======
           mgrav_per_bit           8000 
    -------------------------------------------------------------------------
<CODE> 1 (was CODE)
  Relative segment, address: FD4C - FD59 (0xe bytes), align: 1
  Segment part 11.
           ENTRY                   ADDRESS         REF BY
           =====                   =======         ======
           reset_acceleration      FD4C            init_global_variables (main)
               CSTACK = 00000000 ( 00000004 )
    -------------------------------------------------------------------------
<CODE> 1 (was CODE)
  Relative segment, address: FA02 - FA1F (0x1e bytes), align: 1
  Segment part 10.
           ENTRY                   ADDRESS         REF BY
           =====                   =======         ======
           sx_acceleration         FA02            menu_L1_Acceleration (menu)
               calls direct
               CSTACK = 00000000 ( 00000004 )
    -------------------------------------------------------------------------
<CODE> 1 (was CODE)
  Relative segment, address: E828 - E86F (0x48 bytes), align: 1
  Segment part 6.             Intra module refs:   display_acceleration
           ENTRY                   ADDRESS         REF BY
           =====                   =======         ======
           convert_acceleration_value_to_mgrav
                                   E828 
               CSTACK = 00000000 ( 00000012 )
    -------------------------------------------------------------------------
<CODE> 1 (was CODE)
  Relative segment, address: FB62 - FB79 (0x18 bytes), align: 1
  Segment part 7.
           ENTRY                   ADDRESS         REF BY
           =====                   =======         ======
           is_acceleration_measurement
                                   FB62            TIMER0_A0_ISR (timer)
               CSTACK = 00000000 ( 00000004 )
    -------------------------------------------------------------------------
<CODE> 1 (was CODE)
  Relative segment, address: FD0C - FD1B (0x10 bytes), align: 1
  Segment part 9.
           ENTRY                   ADDRESS         REF BY
           =====                   =======         ======
           do_acceleration_measurement
                                   FD0C            process_requests (main)
               calls direct
               CSTACK = 00000000 ( 00000004 )
    -------------------------------------------------------------------------
<CODE> 1 (was CODE)
  Relative segment, address: B60E - B739 (0x12c bytes), align: 1
  Segment part 8.
           ENTRY                   ADDRESS         REF BY
           =====                   =======         ======
           display_acceleration    B60E            menu_L1_Acceleration (menu)
               calls direct
               CSTACK = 00000000 ( 00000010 )

    *************************************************************************

  FILE NAME : D:\Projects\cronosTI\v2\Sports Watch\433MHz - Unrestricted IAR Workbench (Other regions)\Obj\adc12.r43
  PROGRAM MODULE, NAME : adc12

  SEGMENTS IN THE MODULE
  ======================
DATA16_AN
  Relative segment, address: 0700 - 0701 (0x2 bytes), align: 0
  Segment part 1. ROOT.       Intra module refs:   adc12_single_conversion
           ENTRY                   ADDRESS         REF BY
           =====                   =======         ======
           _A_ADC12CTL0_L          0700 
           LOCAL                   ADDRESS         
           =====                   =======         
           ADC12CTL0               0700 
           ADC12CTL0_H             0701 
           ADC12CTL0_L             0700 
    -------------------------------------------------------------------------
DATA16_AN
  Relative segment, address: 0702 - 0703 (0x2 bytes), align: 0
  Segment part 2. ROOT.       Intra module refs:   adc12_single_conversion
           ENTRY                   ADDRESS         REF BY
           =====                   =======         ======
           _A_ADC12CTL1_L          0702 
           LOCAL                   ADDRESS         
           =====                   =======         
           ADC12CTL1               0702 
           ADC12CTL1_H             0703 
           ADC12CTL1_L             0702 
    -------------------------------------------------------------------------
DATA16_AN
  Relative segment, address: 070C - 070D (0x2 bytes), align: 0
  Segment part 3. ROOT.       Intra module refs:   adc12_single_conversion
           ENTRY                   ADDRESS         REF BY
           =====                   =======         ======
           _A_ADC12IE_L            070C 
           LOCAL                   ADDRESS         
           =====                   =======         
           ADC12IE                 070C 
           ADC12IE_H               070D 
           ADC12IE_L               070C 
    -------------------------------------------------------------------------
DATA16_AN
  Relative segment, address: 070E - 070F (0x2 bytes), align: 0
  Segment part 4. ROOT.       Intra module refs:   ADC12ISR
           ENTRY                   ADDRESS         REF BY
           =====                   =======         ======
           _A_ADC12IV_L            070E 
           LOCAL                   ADDRESS         
           =====                   =======         
           ADC12IV                 070E 
           ADC12IV_H               070F 
           ADC12IV_L               070E 
    -------------------------------------------------------------------------
DATA16_AN
  Relative segment, address: 0720 - 0721 (0x2 bytes), align: 0
  Segment part 5. ROOT.       Intra module refs:   ADC12ISR
           ENTRY                   ADDRESS         REF BY
           =====                   =======         ======
           _A_ADC12MEM0_L          0720 
           LOCAL                   ADDRESS         
           =====                   =======         
           ADC12MEM0               0720 
           ADC12MEM0_H             0721 
           ADC12MEM0_L             0720 
    -------------------------------------------------------------------------
DATA16_AN
  Relative segment, address: 0710 - 0710 (0x1 bytes), align: 0
  Segment part 6. ROOT.       Intra module refs:   adc12_single_conversion
           ENTRY                   ADDRESS         REF BY
           =====                   =======         ======
           ADC12MCTL0              0710 
    -------------------------------------------------------------------------
DATA16_AN
  Relative segment, address: 01B0 - 01B1 (0x2 bytes), align: 0
  Segment part 7. ROOT.       Intra module refs:   adc12_single_conversion
           ENTRY                   ADDRESS         REF BY
           =====                   =======         ======
           _A_REFCTL0_L            01B0 
           LOCAL                   ADDRESS         
           =====                   =======         
           REFCTL0                 01B0 
           REFCTL0_H               01B1 
           REFCTL0_L               01B0 
    -------------------------------------------------------------------------
DATA16_Z
  Relative segment, address: 1C82 - 1C83 (0x2 bytes), align: 1
  Segment part 10.            Intra module refs:   ADC12ISR
                                                   adc12_single_conversion
           ENTRY                   ADDRESS         REF BY
           =====                   =======         ======
           adc12_result            1C82 
    -------------------------------------------------------------------------
DATA16_Z
  Relative segment, address: 1DB6 - 1DB6 (0x1 bytes), align: 0
  Segment part 11.            Intra module refs:   ADC12ISR
                                                   adc12_single_conversion
           ENTRY                   ADDRESS         REF BY
           =====                   =======         ======
           adc12_data_ready        1DB6 
    -------------------------------------------------------------------------
<CODE> 1 (was CODE)
  Relative segment, address: D97C - D9E3 (0x68 bytes), align: 1
  Segment part 13.
           ENTRY                   ADDRESS         REF BY
           =====                   =======         ======
           adc12_single_conversion
                                   D97C            battery_measurement (battery)
                                                   temperature_measurement (temperature)
               calls direct
               CSTACK = 00000000 ( 00000008 )
    -------------------------------------------------------------------------
ISR_CODE
  Relative segment, address: 86A0 - 86BF (0x20 bytes), align: 1
  Segment part 12.            Intra module refs:   ADC12ISR::??INTVEC 112
           ENTRY                   ADDRESS         REF BY
           =====                   =======         ======
           ADC12ISR                86A0 
               interrupt function
               CSTACK = 00000000 ( 00000006 )
    -------------------------------------------------------------------------
INTVEC
  Common segment, address: FF80 - FFF1 (0x72 bytes), align: 1
  Segment part 8. ROOT.
           ENTRY                   ADDRESS         REF BY
           =====                   =======         ======
           ADC12ISR::??INTVEC 112
                                   FFF0 

    *************************************************************************

  FILE NAME : D:\Projects\cronosTI\v2\Sports Watch\433MHz - Unrestricted IAR Workbench (Other regions)\Obj\alarm.r43
  PROGRAM MODULE, NAME : alarm

  SEGMENTS IN THE MODULE
  ======================
DATA16_Z
  Relative segment, address: 1DB7 - 1DBA (0x4 bytes), align: 0
  Segment part 2.             Intra module refs:   check_alarm
                                                   display_alarm
                                                   mx_alarm
                                                   reset_alarm
                                                   stop_alarm
                                                   sx_alarm
           ENTRY                   ADDRESS         REF BY
           =====                   =======         ======
           sAlarm                  1DB7            PORT2_ISR (ports)
                                                   TIMER0_A0_ISR (timer)
                                                   simpliciti_sync_decode_ap_cmd_callback (rfsimpliciti)
                                                   simpliciti_sync_get_data_callback (rfsimpliciti)
    -------------------------------------------------------------------------
<CODE> 1 (was CODE)
  Relative segment, address: FB7A - FB91 (0x18 bytes), align: 1
  Segment part 8.
           ENTRY                   ADDRESS         REF BY
           =====                   =======         ======
           reset_alarm             FB7A            init_global_variables (main)
               CSTACK = 00000000 ( 00000004 )
    -------------------------------------------------------------------------
<CODE> 1 (was CODE)
  Relative segment, address: FA58 - FA73 (0x1c bytes), align: 1
  Segment part 7.
           ENTRY                   ADDRESS         REF BY
           =====                   =======         ======
           check_alarm             FA58            TIMER0_A0_ISR (timer)
               CSTACK = 00000000 ( 00000004 )
    -------------------------------------------------------------------------
<CODE> 1 (was CODE)
  Relative segment, address: FE90 - FE97 (0x8 bytes), align: 1
  Segment part 6.
           ENTRY                   ADDRESS         REF BY
           =====                   =======         ======
           stop_alarm              FE90            PORT2_ISR (ports)
                                                   TIMER0_A0_ISR (timer)
               calls direct
               CSTACK = 00000000 ( 00000004 )
    -------------------------------------------------------------------------
<CODE> 1 (was CODE)
  Relative segment, address: F1FA - F22B (0x32 bytes), align: 1
  Segment part 5.
           ENTRY                   ADDRESS         REF BY
           =====                   =======         ======
           sx_alarm                F1FA            menu_L1_Alarm (menu)
               CSTACK = 00000000 ( 00000004 )
    -------------------------------------------------------------------------
<CODE> 1 (was CODE)
  Relative segment, address: C0AA - C199 (0xf0 bytes), align: 1
  Segment part 4.
           ENTRY                   ADDRESS         REF BY
           =====                   =======         ======
           mx_alarm                C0AA            menu_L1_Alarm (menu)
               calls direct
               CSTACK = 00000000 ( 0000001A )
    -------------------------------------------------------------------------
<CODE> 1 (was CODE)
  Relative segment, address: C520 - C5EF (0xd0 bytes), align: 1
  Segment part 3.
           ENTRY                   ADDRESS         REF BY
           =====                   =======         ======
           display_alarm           C520            menu_L1_Alarm (menu)
               calls direct
               CSTACK = 00000000 ( 00000008 )

    *************************************************************************

  FILE NAME : D:\Projects\cronosTI\v2\Sports Watch\433MHz - Unrestricted IAR Workbench (Other regions)\Obj\altitude.r43
  PROGRAM MODULE, NAME : altitude

  SEGMENTS IN THE MODULE
  ======================
DATA16_AN
  Relative segment, address: 0200 - 0201 (0x2 bytes), align: 0
  Segment part 1. ROOT.       Intra module refs:   PORT2_ISR (ports)
                                                   TIMER0_A0_ISR (timer)
                                                   button_repeat_function (ports)
                                                   do_altitude_measurement
                                                   simpliciti_get_ed_data_callback (rfsimpliciti)
                                                   start_altitude_measurement
                                                   test_mode (test)
                                                   wakeup_event (main)
           ENTRY                   ADDRESS         REF BY
           =====                   =======         ======
           _A_PAIN_L               0200 
           LOCAL                   ADDRESS         
           =====                   =======         
           PAIN                    0200 
           PAIN_H                  0201 
           PAIN_L                  0200 
    -------------------------------------------------------------------------
DATA16_AN
  Relative segment, address: 021A - 021B (0x2 bytes), align: 0
  Segment part 2. ROOT.       Intra module refs:   PORT2_ISR (ports)
                                                   as_start (vti_as)
                                                   as_stop (vti_as)
                                                   display_altitude
                                                   init_buttons (ports)
                                                   reset_altitude_measurement
                                                   start_altitude_measurement
                                                   stop_altitude_measurement
                                                   sx_ppt (rfsimpliciti)
                                                   sx_rf (rfsimpliciti)
                                                   sx_sync (rfsimpliciti)
           ENTRY                   ADDRESS         REF BY
           =====                   =======         ======
           _A_PAIE_L               021A 
           LOCAL                   ADDRESS         
           =====                   =======         
           PAIE                    021A 
           PAIE_H                  021B 
           PAIE_L                  021A 
    -------------------------------------------------------------------------
DATA16_AN
  Relative segment, address: 021C - 021D (0x2 bytes), align: 0
  Segment part 3. ROOT.       Intra module refs:   PORT2_ISR (ports)
                                                   as_start (vti_as)
                                                   display_altitude
                                                   init_buttons (ports)
                                                   reset_altitude_measurement
                                                   start_altitude_measurement
                                                   start_simpliciti_sync (rfsimpliciti)
                                                   start_simpliciti_tx_only (rfsimpliciti)
                                                   stop_altitude_measurement
           ENTRY                   ADDRESS         REF BY
           =====                   =======         ======
           _A_PAIFG_L              021C 
           LOCAL                   ADDRESS         
           =====                   =======         
           PAIFG                   021C 
           PAIFG_H                 021D 
           PAIFG_L                 021C 
    -------------------------------------------------------------------------
DATA16_Z
  Relative segment, address: 1C84 - 1CA1 (0x1e bytes), align: 1
  Segment part 13.            Intra module refs:   display_altitude
                                                   do_altitude_measurement
                                                   is_altitude_measurement
                                                   mx_altitude
                                                   reset_altitude_measurement
                                                   start_altitude_measurement
                                                   stop_altitude_measurement
                                                   sx_altitude
           ENTRY                   ADDRESS         REF BY
           =====                   =======         ======
           sAlt                    1C84            TIMER0_A0_ISR (timer)
                                                   read_calibration_values (main)
                                                   simpliciti_sync_decode_ap_cmd_callback (rfsimpliciti)
                                                   simpliciti_sync_get_data_callback (rfsimpliciti)
    -------------------------------------------------------------------------
<CODE> 1 (was CODE)
  Relative segment, address: E0E6 - E13B (0x56 bytes), align: 1
  Segment part 24.
           ENTRY                   ADDRESS         REF BY
           =====                   =======         ======
           reset_altitude_measurement
                                   E0E6            init_global_variables (main)
               calls direct
               CSTACK = 00000000 ( 00000004 )
    -------------------------------------------------------------------------
<CODE> 1 (was CODE)
  Relative segment, address: 8BDE - 8CD5 (0xf8 bytes), align: 1
  Segment part 17.            Intra module refs:   start_altitude_measurement
           ENTRY                   ADDRESS         REF BY
           =====                   =======         ======
           do_altitude_measurement
                                   8BDE            process_requests (main)
                                                   test_mode (test)
               calls direct
               CSTACK = 00000000 ( 00000014 )
    -------------------------------------------------------------------------
<CODE> 1 (was CODE)
  Relative segment, address: 8CD6 - 8D39 (0x64 bytes), align: 1
  Segment part 18.            Intra module refs:   display_altitude
                                                   reset_altitude_measurement
           ENTRY                   ADDRESS         REF BY
           =====                   =======         ======
           start_altitude_measurement
                                   8CD6            start_simpliciti_sync (rfsimpliciti)
               calls direct
               CSTACK = 00000000 ( 00000004 )
    -------------------------------------------------------------------------
<CODE> 1 (was CODE)
  Relative segment, address: 8D3A - 9119 (0x3e0 bytes), align: 1
  Segment part 19.
           ENTRY                   ADDRESS         REF BY
           =====                   =======         ======
           display_altitude        8D3A            menu_L1_Altitude (menu)
                                                   test_mode (test)
               calls direct
               CSTACK = 00000000 ( 0000000C )
    -------------------------------------------------------------------------
<CODE> 1 (was CODE)
  Relative segment, address: 911A - 9131 (0x18 bytes), align: 1
  Segment part 23.
           ENTRY                   ADDRESS         REF BY
           =====                   =======         ======
           is_altitude_measurement
                                   911A            TIMER0_A0_ISR (timer)
               CSTACK = 00000000 ( 00000004 )
    -------------------------------------------------------------------------
<CODE> 1 (was CODE)
  Relative segment, address: FA90 - FAAB (0x1c bytes), align: 1
  Segment part 14.
           ENTRY                   ADDRESS         REF BY
           =====                   =======         ======
           stop_altitude_measurement
                                   FA90            TIMER0_A0_ISR (timer)
                                                   start_simpliciti_sync (rfsimpliciti)
                                                   test_mode (test)
               calls direct
               CSTACK = 00000000 ( 00000004 )
    -------------------------------------------------------------------------
<CODE> 1 (was CODE)
  Relative segment, address: F25E - F28D (0x30 bytes), align: 1
  Segment part 22.
           ENTRY                   ADDRESS         REF BY
           =====                   =======         ======
           sx_altitude             F25E            menu_L1_Altitude (menu)
               CSTACK = 00000000 ( 00000004 )
    -------------------------------------------------------------------------
<CODE> 1 (was CODE)
  Relative segment, address: A868 - AA2D (0x1c6 bytes), align: 1
  Segment part 21.
           ENTRY                   ADDRESS         REF BY
           =====                   =======         ======
           mx_altitude             A868            menu_L1_Altitude (menu)
               calls direct
               CSTACK = 00000000 ( 00000026 )
    -------------------------------------------------------------------------
DATA16_C
  Relative segment, address: 8148 - 814B (0x4 bytes), align: 0
  Segment part 5.             Intra module refs:   start_altitude_measurement
    -------------------------------------------------------------------------
DATA16_C
  Relative segment, address: 814C - 8152 (0x7 bytes), align: 0
  Segment part 6.             Intra module refs:   mx_altitude
    -------------------------------------------------------------------------
DATA16_C
  Relative segment, address: 8153 - 8158 (0x6 bytes), align: 0
  Segment part 7.             Intra module refs:   mx_altitude
    -------------------------------------------------------------------------
DATA16_C
  Relative segment, address: 8159 - 815D (0x5 bytes), align: 0
  Segment part 8.             Intra module refs:   display_altitude
    -------------------------------------------------------------------------
DATA16_C
  Relative segment, address: 815E - 8162 (0x5 bytes), align: 0
  Segment part 9.             Intra module refs:   display_altitude
    -------------------------------------------------------------------------
DATA16_C
  Relative segment, address: 8163 - 8167 (0x5 bytes), align: 0
  Segment part 10.            Intra module refs:   display_altitude
    -------------------------------------------------------------------------
DATA16_C
  Relative segment, address: 8168 - 816C (0x5 bytes), align: 0
  Segment part 11.            Intra module refs:   display_altitude
    -------------------------------------------------------------------------
DATA16_C
  Relative segment, address: 816D - 8171 (0x5 bytes), align: 0
  Segment part 12.            Intra module refs:   display_altitude

    *************************************************************************

  FILE NAME : D:\Projects\cronosTI\v2\Sports Watch\433MHz - Unrestricted IAR Workbench (Other regions)\Obj\battery.r43
  PROGRAM MODULE, NAME : battery

  SEGMENTS IN THE MODULE
  ======================
DATA16_Z
  Relative segment, address: 1CA2 - 1CA7 (0x6 bytes), align: 1
  Segment part 2.             Intra module refs:   battery_measurement
                                                   display_battery_V
                                                   reset_batt_measurement
           ENTRY                   ADDRESS         REF BY
           =====                   =======         ======
           sBatt                   1CA2            TIMER0_A0_ISR (timer)
                                                   read_calibration_values (main)
    -------------------------------------------------------------------------
<CODE> 1 (was CODE)
  Relative segment, address: FC6C - FC7D (0x12 bytes), align: 1
  Segment part 5.
           ENTRY                   ADDRESS         REF BY
           =====                   =======         ======
           reset_batt_measurement
                                   FC6C            init_global_variables (main)
               CSTACK = 00000000 ( 00000004 )
    -------------------------------------------------------------------------
<CODE> 1 (was CODE)
  Relative segment, address: DA4A - DAAF (0x66 bytes), align: 1
  Segment part 4.
           ENTRY                   ADDRESS         REF BY
           =====                   =======         ======
           battery_measurement     DA4A            init_global_variables (main)
                                                   process_requests (main)
               calls direct
               CSTACK = 00000000 ( 00000004 )
    -------------------------------------------------------------------------
<CODE> 1 (was CODE)
  Relative segment, address: D89C - D90B (0x70 bytes), align: 1
  Segment part 3.
           ENTRY                   ADDRESS         REF BY
           =====                   =======         ======
           display_battery_V       D89C            menu_L2_Battery (menu)
               calls direct
               CSTACK = 00000000 ( 00000004 )

    *************************************************************************

  FILE NAME : D:\Projects\cronosTI\v2\Sports Watch\433MHz - Unrestricted IAR Workbench (Other regions)\Obj\bluerobin.r43
  PROGRAM MODULE, NAME : bluerobin

  SEGMENTS IN THE MODULE
  ======================
DATA16_Z
  Relative segment, address: 1CA8 - 1CBF (0x18 bytes), align: 1
  Segment part 5.             Intra module refs:   display_heartrate
                                                   get_bluerobin_data
                                                   is_bluerobin
                                                   is_bluerobin_searching
                                                   reset_bluerobin
                                                   stop_bluerobin
                                                   sx_bluerobin
           ENTRY                   ADDRESS         REF BY
           =====                   =======         ======
           sBlueRobin              1CA8            radio_ISR (radio)
    -------------------------------------------------------------------------
DATA16_C
  Relative segment, address: 8172 - 8175 (0x4 bytes), align: 0
  Segment part 4.             Intra module refs:   display_heartrate
    -------------------------------------------------------------------------
<CODE> 1 (was CODE)
  Relative segment, address: EEAA - EEE1 (0x38 bytes), align: 1
  Segment part 21.
           ENTRY                   ADDRESS         REF BY
           =====                   =======         ======
           reset_bluerobin         EEAA            init_global_variables (main)
               CSTACK = 00000000 ( 00000004 )
    -------------------------------------------------------------------------
<CODE> 1 (was CODE)
  Relative segment, address: BCAA - BDAD (0x104 bytes), align: 1
  Segment part 19.
           ENTRY                   ADDRESS         REF BY
           =====                   =======         ======
           sx_bluerobin            BCAA            test_mode (test)
               calls direct
               CSTACK = 00000000 ( 00000004 )
    -------------------------------------------------------------------------
<CODE> 1 (was CODE)
  Relative segment, address: E288 - E2D9 (0x52 bytes), align: 1
  Segment part 15.
           ENTRY                   ADDRESS         REF BY
           =====                   =======         ======
           display_heartrate       E288            test_mode (test)
               calls direct
               CSTACK = 00000000 ( 00000006 )
    -------------------------------------------------------------------------
<CODE> 1 (was CODE)
  Relative segment, address: FD5A - FD67 (0xe bytes), align: 1
  Segment part 10.
           ENTRY                   ADDRESS         REF BY
           =====                   =======         ======
           is_bluerobin            FD5A            TIMER0_A0_ISR (timer)
                                                   display_update (main)
                                                   sx_ppt (rfsimpliciti)
                                                   sx_rf (rfsimpliciti)
                                                   sx_rfbsl (rfbsl)
                                                   sx_sync (rfsimpliciti)
               CSTACK = 00000000 ( 00000004 )
    -------------------------------------------------------------------------
<CODE> 1 (was CODE)
  Relative segment, address: FD68 - FD75 (0xe bytes), align: 1
  Segment part 9.
           ENTRY                   ADDRESS         REF BY
           =====                   =======         ======
           is_bluerobin_searching
                                   FD68            TIMER0_A0_ISR (timer)
               CSTACK = 00000000 ( 00000004 )
    -------------------------------------------------------------------------
<CODE> 1 (was CODE)
  Relative segment, address: D192 - D225 (0x94 bytes), align: 1
  Segment part 8.
           ENTRY                   ADDRESS         REF BY
           =====                   =======         ======
           get_bluerobin_data      D192            TIMER0_A0_ISR (timer)
                                                   test_mode (test)
               calls direct
               CSTACK = 00000000 ( 00000006 )
    -------------------------------------------------------------------------
<CODE> 1 (was CODE)
  Relative segment, address: E5DA - E623 (0x4a bytes), align: 1
  Segment part 7.             Intra module refs:   get_bluerobin_data
                                                   sx_bluerobin
           ENTRY                   ADDRESS         REF BY
           =====                   =======         ======
           stop_bluerobin          E5DA            test_mode (test)
               calls direct
               CSTACK = 00000000 ( 00000004 )

    *************************************************************************

  FILE NAME : D:\Projects\cronosTI\v2\Sports Watch\433MHz - Unrestricted IAR Workbench (Other regions)\Obj\bsp.r43
  PROGRAM MODULE, NAME : bsp

  SEGMENTS IN THE MODULE
  ======================
DATA16_AN
  Relative segment, address: 0202 - 0203 (0x2 bytes), align: 0
  Segment part 1. ROOT.       Intra module refs:   PORT2_ISR (ports)
                                                   TIMER0_A0_ISR (timer)
                                                   as_init (vti_as)
                                                   as_stop (vti_as)
                                                   countdown_buzzer (buzzer)
                                                   init_application (main)
                                                   init_buttons (ports)
                                                   stop_buzzer (buzzer)
                                                   sx_ppt (rfsimpliciti)
                                                   sx_rf (rfsimpliciti)
                                                   sx_sync (rfsimpliciti)
                                                   test_mode (test)
                                                   toggle_buzzer (buzzer)
           ENTRY                   ADDRESS         REF BY
           =====                   =======         ======
           _A_PAOUT_L              0202 
           LOCAL                   ADDRESS         
           =====                   =======         
           PAOUT                   0202 
           PAOUT_H                 0203 
           PAOUT_L                 0202 
    -------------------------------------------------------------------------
DATA16_AN
  Relative segment, address: 0204 - 0205 (0x2 bytes), align: 0
  Segment part 2. ROOT.       Intra module refs:   PORT2_ISR (ports)
                                                   TIMER0_A0_ISR (timer)
                                                   as_init (vti_as)
                                                   as_start (vti_as)
                                                   as_stop (vti_as)
                                                   init_application (main)
                                                   init_buttons (ports)
                                                   ps_init (vti_ps)
                                                   sx_ppt (rfsimpliciti)
                                                   sx_rf (rfsimpliciti)
                                                   sx_sync (rfsimpliciti)
                                                   test_mode (test)
           ENTRY                   ADDRESS         REF BY
           =====                   =======         ======
           _A_PADIR_L              0204 
           LOCAL                   ADDRESS         
           =====                   =======         
           PADIR                   0204 
           PADIR_H                 0205 
           PADIR_L                 0204 
    -------------------------------------------------------------------------
DATA16_AN
  Relative segment, address: 0206 - 0207 (0x2 bytes), align: 0
  Segment part 3. ROOT.       Intra module refs:   as_read_register (vti_as)
                                                   as_start (vti_as)
                                                   as_write_register (vti_as)
                                                   init_buttons (ports)
           ENTRY                   ADDRESS         REF BY
           =====                   =======         ======
           _A_PAREN_L              0206 
           LOCAL                   ADDRESS         
           =====                   =======         
           PAREN                   0206 
           PAREN_H                 0207 
           PAREN_L                 0206 
    -------------------------------------------------------------------------
DATA16_AN
  Relative segment, address: 0222 - 0223 (0x2 bytes), align: 0
  Segment part 4. ROOT.
           ENTRY                   ADDRESS         REF BY
           =====                   =======         ======
           _A_PBOUT_L              0222 
           LOCAL                   ADDRESS         
           =====                   =======         
           PBOUT                   0222 
           PBOUT_H                 0223 
           PBOUT_L                 0222 
    -------------------------------------------------------------------------
DATA16_AN
  Relative segment, address: 0224 - 0225 (0x2 bytes), align: 0
  Segment part 5. ROOT.
           ENTRY                   ADDRESS         REF BY
           =====                   =======         ======
           _A_PBDIR_L              0224 
           LOCAL                   ADDRESS         
           =====                   =======         
           PBDIR                   0224 
           PBDIR_H                 0225 
           PBDIR_L                 0224 
    -------------------------------------------------------------------------
DATA16_AN
  Relative segment, address: 0120 - 0121 (0x2 bytes), align: 0
  Segment part 6. ROOT.       Intra module refs:   SetVCore
                                                   SetVCore (pmm)
                                                   SetVCoreUp
                                                   SetVCoreUp (pmm)
                                                   init_application (main)
           ENTRY                   ADDRESS         REF BY
           =====                   =======         ======
           _A_PMMCTL0_L            0120 
           LOCAL                   ADDRESS         
           =====                   =======         
           PMMCTL0                 0120 
           PMMCTL0_H               0121 
           PMMCTL0_L               0120 
    -------------------------------------------------------------------------
DATA16_AN
  Relative segment, address: 0124 - 0125 (0x2 bytes), align: 0
  Segment part 7. ROOT.       Intra module refs:   SetVCoreUp
                                                   SetVCoreUp (pmm)
           ENTRY                   ADDRESS         REF BY
           =====                   =======         ======
           _A_SVSMHCTL_L           0124 
           LOCAL                   ADDRESS         
           =====                   =======         
           SVSMHCTL                0124 
           SVSMHCTL_H              0125 
           SVSMHCTL_L              0124 
    -------------------------------------------------------------------------
DATA16_AN
  Relative segment, address: 0126 - 0127 (0x2 bytes), align: 0
  Segment part 8. ROOT.       Intra module refs:   SetVCore
                                                   SetVCore (pmm)
                                                   SetVCoreUp
                                                   SetVCoreUp (pmm)
           ENTRY                   ADDRESS         REF BY
           =====                   =======         ======
           _A_SVSMLCTL_L           0126 
           LOCAL                   ADDRESS         
           =====                   =======         
           SVSMLCTL                0126 
           SVSMLCTL_H              0127 
           SVSMLCTL_L              0126 
    -------------------------------------------------------------------------
DATA16_AN
  Relative segment, address: 012C - 012D (0x2 bytes), align: 0
  Segment part 9. ROOT.       Intra module refs:   SetVCore
                                                   SetVCore (pmm)
                                                   SetVCoreUp
                                                   SetVCoreUp (pmm)
           ENTRY                   ADDRESS         REF BY
           =====                   =======         ======
           _A_PMMIFG_L             012C 
           LOCAL                   ADDRESS         
           =====                   =======         
           PMMIFG                  012C 
           PMMIFG_H                012D 
           PMMIFG_L                012C 
    -------------------------------------------------------------------------
DATA16_AN
  Relative segment, address: 0102 - 0103 (0x2 bytes), align: 0
  Segment part 10. ROOT.      Intra module refs:   Bsp_SetClocks
                                                   init_application (main)
           ENTRY                   ADDRESS         REF BY
           =====                   =======         ======
           _A_SFRIFG1_L            0102 
           LOCAL                   ADDRESS         
           =====                   =======         
           SFRIFG1                 0102 
           SFRIFG1_H               0103 
           SFRIFG1_L               0102 
    -------------------------------------------------------------------------
DATA16_AN
  Relative segment, address: 0380 - 0381 (0x2 bytes), align: 0
  Segment part 11. ROOT.      Intra module refs:   BSP_Delay
                                                   BSP_InitBoard
                                                   countdown_buzzer (buzzer)
                                                   start_buzzer (buzzer)
                                                   stop_buzzer (buzzer)
                                                   toggle_buzzer (buzzer)
           ENTRY                   ADDRESS         REF BY
           =====                   =======         ======
           TA1CTL                  0380 
    -------------------------------------------------------------------------
DATA16_AN
  Relative segment, address: 0382 - 0383 (0x2 bytes), align: 0
  Segment part 12. ROOT.      Intra module refs:   BSP_Delay
                                                   countdown_buzzer (buzzer)
                                                   start_buzzer (buzzer)
                                                   stop_buzzer (buzzer)
           ENTRY                   ADDRESS         REF BY
           =====                   =======         ======
           TA1CCTL0                0382 
    -------------------------------------------------------------------------
DATA16_AN
  Relative segment, address: 0390 - 0391 (0x2 bytes), align: 0
  Segment part 13. ROOT.      Intra module refs:   BSP_Delay
                                                   toggle_buzzer (buzzer)
           ENTRY                   ADDRESS         REF BY
           =====                   =======         ======
           TA1R                    0390 
    -------------------------------------------------------------------------
DATA16_AN
  Relative segment, address: 0392 - 0393 (0x2 bytes), align: 0
  Segment part 14. ROOT.      Intra module refs:   BSP_Delay
                                                   start_buzzer (buzzer)
           ENTRY                   ADDRESS         REF BY
           =====                   =======         ======
           TA1CCR0                 0392 
    -------------------------------------------------------------------------
DATA16_AN
  Relative segment, address: 0160 - 0161 (0x2 bytes), align: 0
  Segment part 15. ROOT.      Intra module refs:   Bsp_SetClocks
                                                   init_application (main)
           ENTRY                   ADDRESS         REF BY
           =====                   =======         ======
           _A_UCSCTL0_L            0160 
           LOCAL                   ADDRESS         
           =====                   =======         
           UCSCTL0                 0160 
           UCSCTL0_H               0161 
           UCSCTL0_L               0160 
    -------------------------------------------------------------------------
DATA16_AN
  Relative segment, address: 0162 - 0163 (0x2 bytes), align: 0
  Segment part 16. ROOT.      Intra module refs:   Bsp_SetClocks
                                                   init_application (main)
           ENTRY                   ADDRESS         REF BY
           =====                   =======         ======
           _A_UCSCTL1_L            0162 
           LOCAL                   ADDRESS         
           =====                   =======         
           UCSCTL1                 0162 
           UCSCTL1_H               0163 
           UCSCTL1_L               0162 
    -------------------------------------------------------------------------
DATA16_AN
  Relative segment, address: 0164 - 0165 (0x2 bytes), align: 0
  Segment part 17. ROOT.      Intra module refs:   Bsp_SetClocks
                                                   init_application (main)
           ENTRY                   ADDRESS         REF BY
           =====                   =======         ======
           _A_UCSCTL2_L            0164 
           LOCAL                   ADDRESS         
           =====                   =======         
           UCSCTL2                 0164 
           UCSCTL2_H               0165 
           UCSCTL2_L               0164 
    -------------------------------------------------------------------------
DATA16_AN
  Relative segment, address: 0166 - 0167 (0x2 bytes), align: 0
  Segment part 18. ROOT.      Intra module refs:   Bsp_SetClocks
                                                   init_application (main)
           ENTRY                   ADDRESS         REF BY
           =====                   =======         ======
           _A_UCSCTL3_L            0166 
           LOCAL                   ADDRESS         
           =====                   =======         
           UCSCTL3                 0166 
           UCSCTL3_H               0167 
           UCSCTL3_L               0166 
    -------------------------------------------------------------------------
DATA16_AN
  Relative segment, address: 0168 - 0169 (0x2 bytes), align: 0
  Segment part 19. ROOT.      Intra module refs:   Bsp_SetClocks
                                                   init_application (main)
           ENTRY                   ADDRESS         REF BY
           =====                   =======         ======
           _A_UCSCTL4_L            0168 
           LOCAL                   ADDRESS         
           =====                   =======         
           UCSCTL4                 0168 
           UCSCTL4_H               0169 
           UCSCTL4_L               0168 
    -------------------------------------------------------------------------
DATA16_AN
  Relative segment, address: 016E - 016F (0x2 bytes), align: 0
  Segment part 20. ROOT.      Intra module refs:   Bsp_SetClocks
                                                   init_application (main)
           ENTRY                   ADDRESS         REF BY
           =====                   =======         ======
           _A_UCSCTL7_L            016E 
           LOCAL                   ADDRESS         
           =====                   =======         
           UCSCTL7                 016E 
           UCSCTL7_H               016F 
           UCSCTL7_L               016E 
    -------------------------------------------------------------------------
DATA16_AN
  Relative segment, address: 015C - 015D (0x2 bytes), align: 0
  Segment part 21. ROOT.      Intra module refs:   Timer0_A4_Delay (timer)
                                                   __low_level_init
                                                   idle_loop (main)
                                                   init_application (main)
                                                   main (main)
                                                   simpliciti_get_ed_data_callback (rfsimpliciti)
                                                   simpliciti_link (main_ED_BM)
                                                   simpliciti_main_sync (main_ED_BM)
                                                   test_mode (test)
           ENTRY                   ADDRESS         REF BY
           =====                   =======         ======
           _A_WDTCTL_L             015C 
           LOCAL                   ADDRESS         
           =====                   =======         
           WDTCTL                  015C 
           WDTCTL_H                015D 
           WDTCTL_L                015C 
    -------------------------------------------------------------------------
<CODE> 1 (was CODE)
  Relative segment, address: E6B8 - E701 (0x4a bytes), align: 1
  Segment part 32.            Intra module refs:   __low_level_init
           LOCAL                   ADDRESS         
           =====                   =======         
           SetVCore                E6B8 
               calls direct
               CSTACK = 00000000 ( 00000008 )
    -------------------------------------------------------------------------
<CODE> 1 (was CODE)
  Relative segment, address: E9CC - EA0F (0x44 bytes), align: 1
  Segment part 31.            Intra module refs:   SetVCore
           LOCAL                   ADDRESS         
           =====                   =======         
           SetVCoreUp              E9CC 
               CSTACK = 00000000 ( 00000004 )
    -------------------------------------------------------------------------
<CODE> 1 (was CODE)
  Relative segment, address: E624 - E66D (0x4a bytes), align: 1
  Segment part 29.            Intra module refs:   __low_level_init
           LOCAL                   ADDRESS         
           =====                   =======         
           Bsp_SetClocks           E624 
               CSTACK = 00000000 ( 00000004 )
    -------------------------------------------------------------------------
<CODE> 1 (was CODE)
  Relative segment, address: FBA8 - FBBD (0x16 bytes), align: 1
  Segment part 30. ROOT.
           ENTRY                   ADDRESS         REF BY
           =====                   =======         ======
           __low_level_init        FBA8            ?cstart_call_low_level_init (?cstart)
               calls direct
               CSTACK = 00000000 ( 00000004 )
    -------------------------------------------------------------------------
<CODE> 1 (was CODE)
  Relative segment, address: FCFC - FD0B (0x10 bytes), align: 1
  Segment part 28.
           ENTRY                   ADDRESS         REF BY
           =====                   =======         ======
           BSP_InitBoard           FCFC            simpliciti_link (main_ED_BM)
               CSTACK = 00000000 ( 00000004 )
    -------------------------------------------------------------------------
<CODE> 1 (was CODE)
  Relative segment, address: F0CA - F0FD (0x34 bytes), align: 1
  Segment part 27.
           ENTRY                   ADDRESS         REF BY
           =====                   =======         ======
           BSP_Delay               F0CA            MRFI_DelayMs (mrfi)
                                                   MRFI_ReplyDelay (mrfi)
                                                   MRFI_Transmit (mrfi)
                                                   Mrfi_RandomBackoffDelay (mrfi)
                                                   mrfiRadioInterfaceCmdStrobe (mrfi)
               CSTACK = 00000000 ( 00000004 )

    *************************************************************************

  FILE NAME : D:\Projects\cronosTI\v2\Sports Watch\433MHz - Unrestricted IAR Workbench (Other regions)\Obj\buzzer.r43
  PROGRAM MODULE, NAME : buzzer

  SEGMENTS IN THE MODULE
  ======================
DATA16_AN
  Relative segment, address: 020A - 020B (0x2 bytes), align: 0
  Segment part 2. ROOT.       Intra module refs:   as_start (vti_as)
                                                   as_stop (vti_as)
                                                   countdown_buzzer
                                                   start_buzzer
                                                   stop_buzzer
                                                   toggle_buzzer
           ENTRY                   ADDRESS         REF BY
           =====                   =======         ======
           _A_PASEL_L              020A 
           LOCAL                   ADDRESS         
           =====                   =======         
           PASEL                   020A 
           PASEL_H                 020B 
           PASEL_L                 020A 
    -------------------------------------------------------------------------
DATA16_Z
  Relative segment, address: 1CC0 - 1CC7 (0x8 bytes), align: 1
  Segment part 8.             Intra module refs:   ?Subroutine0
                                                   countdown_buzzer
                                                   start_buzzer
                                                   toggle_buzzer
           ENTRY                   ADDRESS         REF BY
           =====                   =======         ======
           sBuzzer                 1CC0 
    -------------------------------------------------------------------------
<CODE> 1 (was CODE)
  Relative segment, address: F5C8, align: 1
  Segment part 9.
           ENTRY                   ADDRESS         REF BY
           =====                   =======         ======
           reset_buzzer            F5C8            init_global_variables (main)
               CSTACK = 00000000 ( 00000004 )
    -------------------------------------------------------------------------
<CODE> 1 (was CODE)
  Relative segment, address: F5C8 - F5D1 (0xa bytes), align: 1
  Segment part 10.            Intra module refs:   reset_buzzer
                                                   stop_buzzer
           LOCAL                   ADDRESS         
           =====                   =======         
           ?Subroutine0            F5C8 
    -------------------------------------------------------------------------
<CODE> 1 (was CODE)
  Relative segment, address: F5D2 - F5F1 (0x20 bytes), align: 1
  Segment part 11.
           ENTRY                   ADDRESS         REF BY
           =====                   =======         ======
           stop_buzzer             F5D2            set_value (user)
                                                   stop_alarm (alarm)
               calls direct
               CSTACK = 00000000 ( 00000004 )
    -------------------------------------------------------------------------
<CODE> 1 (was CODE)
  Relative segment, address: E590 - E5D9 (0x4a bytes), align: 1
  Segment part 15.
           ENTRY                   ADDRESS         REF BY
           =====                   =======         ======
           start_buzzer            E590            PORT2_ISR (ports)
                                                   clock_tick (clock)
                                                   process_requests (main)
               calls direct
               CSTACK = 00000000 ( 00000004 )
    -------------------------------------------------------------------------
<CODE> 1 (was CODE)
  Relative segment, address: E546 - E58F (0x4a bytes), align: 1
  Segment part 14.            Intra module refs:   start_buzzer
           ENTRY                   ADDRESS         REF BY
           =====                   =======         ======
           toggle_buzzer           E546 
               calls direct
               CSTACK = 00000000 ( 00000004 )
    -------------------------------------------------------------------------
<CODE> 1 (was CODE)
  Relative segment, address: F4EE - F519 (0x2c bytes), align: 1
  Segment part 12.            Intra module refs:   toggle_buzzer
           ENTRY                   ADDRESS         REF BY
           =====                   =======         ======
           countdown_buzzer        F4EE 
               calls direct
               CSTACK = 00000000 ( 00000004 )

    *************************************************************************

  FILE NAME : D:\Projects\cronosTI\v2\Sports Watch\433MHz - Unrestricted IAR Workbench (Other regions)\Obj\clock.r43
  PROGRAM MODULE, NAME : clock

  SEGMENTS IN THE MODULE
  ======================
DATA16_Z
  Relative segment, address: 1CC8 - 1CD5 (0xe bytes), align: 1
  Segment part 2.             Intra module refs:   clock_tick
                                                   display_time
                                                   mx_time
                                                   reset_clock
                                                   sx_time
           ENTRY                   ADDRESS         REF BY
           =====                   =======         ======
           sTime                   1CC8            PORT2_ISR (ports)
                                                   TIMER0_A0_ISR (timer)
                                                   button_repeat_function (ports)
                                                   check_alarm (alarm)
                                                   display_date (date)
                                                   simpliciti_sync_decode_ap_cmd_callback (rfsimpliciti)
                                                   simpliciti_sync_get_data_callback (rfsimpliciti)
    -------------------------------------------------------------------------
DATA16_C
  Relative segment, address: 8176 - 817D (0x8 bytes), align: 0
  Segment part 3.             Intra module refs:   display_selection_Timeformat1
           ENTRY                   ADDRESS         REF BY
           =====                   =======         ======
           selection_Timeformat    8176 
    -------------------------------------------------------------------------
<CODE> 1 (was CODE)
  Relative segment, address: F74E - F771 (0x24 bytes), align: 1
  Segment part 11.
           ENTRY                   ADDRESS         REF BY
           =====                   =======         ======
           reset_clock             F74E            init_global_variables (main)
               CSTACK = 00000000 ( 00000004 )
    -------------------------------------------------------------------------
<CODE> 1 (was CODE)
  Relative segment, address: D82C - D89B (0x70 bytes), align: 1
  Segment part 10.
           ENTRY                   ADDRESS         REF BY
           =====                   =======         ======
           clock_tick              D82C            TIMER0_A0_ISR (timer)
               calls direct
               CSTACK = 00000000 ( 00000004 )
    -------------------------------------------------------------------------
<CODE> 1 (was CODE)
  Relative segment, address: FBBE - FBD3 (0x16 bytes), align: 1
  Segment part 4.
           ENTRY                   ADDRESS         REF BY
           =====                   =======         ======
           convert_hour_to_12H_format
                                   FBBE            display_alarm (alarm)
                                                   display_hours (display)
               CSTACK = 00000000 ( 00000004 )
    -------------------------------------------------------------------------
<CODE> 1 (was CODE)
  Relative segment, address: FE58 - FE61 (0xa bytes), align: 1
  Segment part 9.
           ENTRY                   ADDRESS         REF BY
           =====                   =======         ======
           is_hour_am              FE58            display_am_pm_symbol (display)
                                                   display_hours (display)
               CSTACK = 00000000 ( 00000004 )
    -------------------------------------------------------------------------
<CODE> 1 (was CODE)
  Relative segment, address: FAC8 - FAE3 (0x1c bytes), align: 1
  Segment part 8.             Intra module refs:   mx_time
           ENTRY                   ADDRESS         REF BY
           =====                   =======         ======
           display_selection_Timeformat1
                                   FAC8 
               calls direct
               CSTACK = 00000000 ( 00000008 )
    -------------------------------------------------------------------------
<CODE> 1 (was CODE)
  Relative segment, address: A2D6 - A4BD (0x1e8 bytes), align: 1
  Segment part 7.
           ENTRY                   ADDRESS         REF BY
           =====                   =======         ======
           mx_time                 A2D6            menu_L1_Time (menu)
               calls direct
               CSTACK = 00000000 ( 00000024 )
    -------------------------------------------------------------------------
<CODE> 1 (was CODE)
  Relative segment, address: FCA2 - FCB3 (0x12 bytes), align: 1
  Segment part 6.
           ENTRY                   ADDRESS         REF BY
           =====                   =======         ======
           sx_time                 FCA2            menu_L1_Time (menu)
               CSTACK = 00000000 ( 00000004 )
    -------------------------------------------------------------------------
<CODE> 1 (was CODE)
  Relative segment, address: A4BE - A693 (0x1d6 bytes), align: 1
  Segment part 5.
           ENTRY                   ADDRESS         REF BY
           =====                   =======         ======
           display_time            A4BE            menu_L1_Time (menu)
                                                   simpliciti_get_ed_data_callback (rfsimpliciti)
                                                   start_simpliciti_tx_only (rfsimpliciti)
               calls direct
[...]
           =====                   =======         ======
           ?DivMod32s              EBE0            button_repeat_on (ports)
                                                   display_altitude (altitude)
                                                   mx_altitude (altitude)
                                                   set_value (user)
                                                   temperature_measurement (temperature)

    -------------------------------------------------------------------------
  LIBRARY MODULE, NAME : ?OneBitMask32

  SEGMENTS IN THE MODULE
  ======================
<CODE> 1 (was CODE)
  Relative segment, address: F7FE - F81F (0x22 bytes), align: 1
  Segment part 0.
           ENTRY                   ADDRESS         REF BY
           =====                   =======         ======
           ?OneBitMask32           F7FE            convert_acceleration_value_to_mgrav (acceleration)

    -------------------------------------------------------------------------
  LIBRARY MODULE, NAME : ?ShiftRight32u

  SEGMENTS IN THE MODULE
  ======================
<CODE> 1 (was CODE)
  Relative segment, address: DD5E - DD9D (0x40 bytes), align: 1
  Segment part 0.
           ENTRY                   ADDRESS         REF BY
           =====                   =======         ======
           ?ShiftRight32u          DD5E            convert_acceleration_value_to_mgrav (acceleration)
    -------------------------------------------------------------------------
<CODE> 1 (was CODE)
  Relative segment, address: DD9E - DDA1 (0x4 bytes), align: 1
  Segment part 1.             Intra module refs:   ?ShiftRight32u
           ENTRY                   ADDRESS         REF BY
           =====                   =======         ======
           ?ShiftRight32u_7        DD9E 
    -------------------------------------------------------------------------
<CODE> 1 (was CODE)
  Relative segment, address: DDA2 - DDA5 (0x4 bytes), align: 1
  Segment part 2.             Intra module refs:   ?ShiftRight32u_7
           ENTRY                   ADDRESS         REF BY
           =====                   =======         ======
           ?ShiftRight32u_6        DDA2 
    -------------------------------------------------------------------------
<CODE> 1 (was CODE)
  Relative segment, address: DDA6 - DDA9 (0x4 bytes), align: 1
  Segment part 3.             Intra module refs:   ?ShiftRight32u_6
           ENTRY                   ADDRESS         REF BY
           =====                   =======         ======
           ?ShiftRight32u_5        DDA6 
    -------------------------------------------------------------------------
<CODE> 1 (was CODE)
  Relative segment, address: DDAA - DDAD (0x4 bytes), align: 1
  Segment part 4.             Intra module refs:   ?ShiftRight32u_5
           ENTRY                   ADDRESS         REF BY
           =====                   =======         ======
           ?ShiftRight32u_4        DDAA 
    -------------------------------------------------------------------------
<CODE> 1 (was CODE)
  Relative segment, address: DDAE - DDB1 (0x4 bytes), align: 1
  Segment part 5.             Intra module refs:   ?ShiftRight32u_4
           ENTRY                   ADDRESS         REF BY
           =====                   =======         ======
           ?ShiftRight32u_3        DDAE 
    -------------------------------------------------------------------------
<CODE> 1 (was CODE)
  Relative segment, address: DDB2 - DDBB (0xa bytes), align: 1
  Segment part 6.             Intra module refs:   ?ShiftRight32u_3
           ENTRY                   ADDRESS         REF BY
           =====                   =======         ======
           ?ShiftRight32u_2        DDB2 

    -------------------------------------------------------------------------
  LIBRARY MODULE, NAME : ?memcmp

  SEGMENTS IN THE MODULE
  ======================
<CODE> 1 (was CODE)
  Relative segment, address: F8CA - F8E9 (0x20 bytes), align: 1
  Segment part 2.
           ENTRY                   ADDRESS         REF BY
           =====                   =======         ======
           memcmp                  F8CA            dispatchFrame (nwk_frame)
                                                   nwk_QfindOldest (nwk_QMgmt)
                                                   nwk_allocateLocalRxPort (nwk)
                                                   nwk_findPeer (nwk)
                                                   nwk_isConnectionValid (nwk)
                                                   nwk_isLinkDuplicate (nwk)
                                                   nwk_isValidReply (nwk)
                                                   nwk_processMgmt (nwk_mgmt)
               CSTACK = 00000000 ( 00000004 )

    -------------------------------------------------------------------------
  LIBRARY MODULE, NAME : ?memcpy

  SEGMENTS IN THE MODULE
  ======================
<CODE> 1 (was CODE)
  Relative segment, address: FC5A - FC6B (0x12 bytes), align: 1
  Segment part 2.
           ENTRY                   ADDRESS         REF BY
           =====                   =======         ======
           memcpy                  FC5A            SMPL_Ioctl (nwk_api)
                                                   SMPL_SendOpt (nwk_api)
                                                   __data16_memcpy (?memzero)
                                                   display_update (main)
                                                   int_to_array (display)
                                                   mx_stopwatch (stopwatch)
                                                   nwk_buildFrame (nwk_frame)
                                                   nwk_deviceAddress (nwk_ioctl)
                                                   nwk_globalsInit (nwk_globals)
                                                   nwk_join (nwk_join)
                                                   nwk_link (nwk_link)
                                                   nwk_nwkInit (nwk)
                                                   nwk_radioControl (nwk_ioctl)
                                                   nwk_rawSend (nwk_ioctl)
                                                   nwk_retrieveFrame (nwk_frame)
                                                   nwk_sendAckReply (nwk_frame)
                                                   nwk_setAPAddress (nwk_globals)
                                                   nwk_setMyAddress (nwk_globals)
                                                   reset_stopwatch (stopwatch)
                                                   smpl_send_link_reply (nwk_link)
                                                   smpl_send_ping_reply (nwk_ping)
                                                   smpl_send_unlink_reply (nwk_link)
                                                   stopwatch_tick (stopwatch)
               CSTACK = 00000000 ( 00000004 )

    -------------------------------------------------------------------------
  LIBRARY MODULE, NAME : ?memmove

  SEGMENTS IN THE MODULE
  ======================
<CODE> 1 (was CODE)
  Relative segment, address: F096 - F0C9 (0x34 bytes), align: 1
  Segment part 2.
           ENTRY                   ADDRESS         REF BY
           =====                   =======         ======
           memmove                 F096            nwk_getNumObjectFromMsg (nwk)
                                                   nwk_putNumObjectIntoMsg (nwk)
               CSTACK = 00000000 ( 00000006 )

    -------------------------------------------------------------------------
  LIBRARY MODULE, NAME : ?CopyMemoryBytes

  SEGMENTS IN THE MODULE
  ======================
<CODE> 1 (was CODE)
  Relative segment, address: FD2C - FD3B (0x10 bytes), align: 1
  Segment part 0.
           ENTRY                   ADDRESS         REF BY
           =====                   =======         ======
           ?CopyMemoryBytes        FD2C            MRFI_Receive (mrfi)
                                                   display_date (date)

    -------------------------------------------------------------------------
  LIBRARY MODULE, NAME : ?memset

  SEGMENTS IN THE MODULE
  ======================
<CODE> 1 (was CODE)
  Relative segment, address: FCC6 - FCD7 (0x12 bytes), align: 1
  Segment part 2.
           ENTRY                   ADDRESS         REF BY
           =====                   =======         ======
           memset                  FCC6            MRFI_Init (mrfi)
                                                   Mrfi_SyncPinRxIsr (mrfi)
                                                   nwk_QInit (nwk_QMgmt)
                                                   nwk_allocateLocalRxPort (nwk)
                                                   nwk_globalsInit (nwk_globals)
                                                   nwk_linkInit (nwk_link)
                                                   nwk_nwkInit (nwk)
               CSTACK = 00000000 ( 00000004 )

    -------------------------------------------------------------------------
  LIBRARY MODULE, NAME : ?memzero

  SEGMENTS IN THE MODULE
  ======================
<CODE> 1 (was CODE)
  Relative segment, address: FC36 - FC47 (0x12 bytes), align: 1
  Segment part 4.
           ENTRY                   ADDRESS         REF BY
           =====                   =======         ======
           __data16_memzero        FC36            ?cstart_init_zero (?cstart)
               CSTACK = 00000000 ( 00000004 )
    -------------------------------------------------------------------------
<CODE> 1 (was CODE)
  Relative segment, address: FF0A - FF0D (0x4 bytes), align: 1
  Segment part 3.
           ENTRY                   ADDRESS         REF BY
           =====                   =======         ======
           __data16_memcpy         FF0A            ?cstart_init_copy (?cstart)
               calls direct
               CSTACK = 00000000 ( 00000004 )

    -------------------------------------------------------------------------
  LIBRARY MODULE, NAME : ?IndCallR9

  SEGMENTS IN THE MODULE
  ======================
<CODE> 1 (was CODE)
  Relative segment, address: FF1A - FF1D (0x4 bytes), align: 1
  Segment part 0.
           ENTRY                   ADDRESS         REF BY
           =====                   =======         ======
           ?IndCallR9              FF1A            set_value (user)

    -------------------------------------------------------------------------
  LIBRARY MODULE, NAME : ?IndCallR15

  SEGMENTS IN THE MODULE
  ======================
<CODE> 1 (was CODE)
  Relative segment, address: FF22 - FF25 (0x4 bytes), align: 1
  Segment part 0.
           ENTRY                   ADDRESS         REF BY
           =====                   =======         ======
           ?IndCallR15             FF22            dispatchFrame (nwk_frame)
                                                   display_update (main)
                                                   wakeup_event (main)

    -------------------------------------------------------------------------
  LIBRARY MODULE, NAME : ?__exit

  SEGMENTS IN THE MODULE
  ======================
<CODE> 1 (was CODE)
  Relative segment, address: FF2E - FF31 (0x4 bytes), align: 1
  Segment part 2.
           ENTRY                   ADDRESS         REF BY
           =====                   =======         ======
           __exit                  FF2E            Segment part 5 (?_exit)
                                                   _exit (?_exit)




                ****************************************
                *                                      *
                *            MODULE SUMMARY            *
                *                                      *
                ****************************************

Module                CODE      DATA      CONST
------                ----      ----      -----
                     (Rel)  (Rel)  (Abs)  (Rel)
?Cast32f32i            146
?CopyMemoryBytes        16
?DivMod32s              64
?DivMod32u              56
?DivMod816s             52
?DivMod816u             28
?FLT_Extract            76
?FLT_LT                 82
?IndCallR15              4
?IndCallR9               4
?Mul32Hw32Loc2          34
?Mul32fHwLoc2          306
?OneBitMask32           34
?ShiftRight32u          94
?__exit                  4
?_exit                   4
?cstart                 48
?exit                    4
?memcmp                 32
?memcpy                 18
?memmove                52
?memset                 18
?memzero                22
?reset_vector            2
BRRX_API               516      4
BRRX_Packet             38      4
BRRX_Radio             488      4            39
BRRX_Resource                  24             2
BRRX_Scheduler       1 494     10
BRRX_Timer             150      7      4
BR_common              122     10           256
_Add32f                354
_Cast32fto32s           50
_Cast32fto32u           12
_CmpLt32f               10
_Div32f                304
acceleration           456     10            18
adc12                  136      3     13
  + common             114
alarm                  558      4
altitude             1 980     30            42
  + shared                             6
battery                232      6
bluerobin              648     24             4
bsp                    306             4
  + shared                            38
buzzer                 234      8
  + shared                             2
clock                1 184     14             8
date                 1 336      6            21
display              1 090     94     10    720
  + shared                             4
main                 1 292     15     10     31
main_ED_BM             452      1
menu                    82      4           216
mrfi                 2 332     59      4     80
  + shared                            20
nwk                    980     29            29
nwk_QMgmt              408    140
nwk_api                620      1
nwk_frame              710      9            24
nwk_freq                 6
nwk_globals            114      9             9
nwk_ioctl              360
nwk_join               340      9
nwk_link               932      8
nwk_mgmt                68      1
nwk_ping               122      1
nwk_security             6
pmm                    146
ports                  670     10             1
  + shared              98             2
  + common
radio                  256             2
  + common             108
rf1a                   544
rfbsl                  128      1            18
rfsimpliciti         1 284     69            28
stopwatch              856     14      2      9
  + shared                             4
temperature            706      6
test                   652             2     11
timer                  928      7     16     12
  + common             112
user                   510
vti_as                 474      1      8
  + shared                             4
vti_ps               2 046     69      2     68
N/A (command line)             80
N/A (alignment)
----------          ------    ---    ---  -----
Total:              30 922    805    157  1 646
  + common             114


                ****************************************
                *                                      *
                *      SEGMENTS IN ADDRESS ORDER       *
                *                                      *
                ****************************************


SEGMENT              SPACE    START ADDRESS   END ADDRESS     SIZE  TYPE  ALIGN
=======              =====    =============   ===========     ====  ====  =====
DATA16_AN                              0102 - 0103               2   rel    0
                                       0120 - 0121               2 
                                       0124 - 0127               4 
                                       012C - 012D               2 
                                       015C - 015D               2 
                                       0160 - 0169               A 
                                       016C - 016F               4 
                                       01B0 - 01B1               2 
                                       01C0 - 01C3               4 
                                       01C8 - 01C9               2 
                                       01D0 - 01D1               2 
                                       0200 - 0207               8 
                                       020A - 020B               2 
                                       0218 - 021D               6 
                                       0222 - 0225               4 
                                       0244 - 0245               2 
                                       024A - 024B               2 
                                       0320 - 0325               6 
                                       0340 - 034B               C 
                                       0350 - 035B               C 
                                       036E - 036F               2 
                                       0380 - 0383               4 
                                       0390 - 0393               4 
                                       05C0 - 05C1               2 
                                       05C6 - 05C7               2 
                                       05CC - 05CC               1 
                                       05CE - 05CE               1 
                                       05DC - 05DD               2 
                                       0700 - 0703               4 
                                       070C - 0710               5 
                                       0720 - 0721               2 
                                       0A00 - 0A01               2 
                                       0A04 - 0A0D               A 
                                       0F02 - 0F03               2 
                                       0F06 - 0F07               2 
                                       0F0C - 0F13               8 
                                       0F20 - 0F23               4 
                                       0F30 - 0F39               A 
DATA16_I                               1C00 - 1C76              77   rel    1
DATA16_Z                               1C78 - 1ED5             25E   rel    1
CSTACK                                 2BAE - 2BFD              50   rel    1
DATA16_C                               8000 - 85F6             5F7   rel    1
DATA16_ID                              85F8 - 866E              77   rel    1
CSTART                                 8670 - 869F              30   rel    1
ISR_CODE                               86A0 - 8BDD             53E   rel    1
<CODE> 1                               8BDE - FF37            735A   rel    1
INTVEC                                 FF80 - FFF1              72   com    1
RESET                                  FFFE - FFFF               2   rel    1

                ****************************************
                *                                      *
                *        END OF CROSS REFERENCE        *
                *                                      *
                ****************************************

 31 036 bytes of CODE  memory
    805 bytes of DATA  memory (+ 157 absolute )
  1 646 bytes of CONST memory

Errors: none
Warnings: none

